Component: ARM Compiler 5.06 update 5 (build 528) Tool: armlink [4d35e2]

==============================================================================

Section Cross References

    startup_stm32f429xx.o(RESET) refers to startup_stm32f429xx.o(STACK) for __initial_sp
    startup_stm32f429xx.o(RESET) refers to startup_stm32f429xx.o(.text) for Reset_Handler
    startup_stm32f429xx.o(RESET) refers to stm32f4xx_it.o(i.NMI_Handler) for NMI_Handler
    startup_stm32f429xx.o(RESET) refers to stm32f4xx_it.o(i.HardFault_Handler) for HardFault_Handler
    startup_stm32f429xx.o(RESET) refers to stm32f4xx_it.o(i.MemManage_Handler) for MemManage_Handler
    startup_stm32f429xx.o(RESET) refers to stm32f4xx_it.o(i.BusFault_Handler) for BusFault_Handler
    startup_stm32f429xx.o(RESET) refers to stm32f4xx_it.o(i.UsageFault_Handler) for UsageFault_Handler
    startup_stm32f429xx.o(RESET) refers to stm32f4xx_it.o(i.SVC_Handler) for SVC_Handler
    startup_stm32f429xx.o(RESET) refers to stm32f4xx_it.o(i.DebugMon_Handler) for DebugMon_Handler
    startup_stm32f429xx.o(RESET) refers to stm32f4xx_it.o(i.PendSV_Handler) for PendSV_Handler
    startup_stm32f429xx.o(RESET) refers to stm32f4xx_it.o(i.SysTick_Handler) for SysTick_Handler
    startup_stm32f429xx.o(RESET) refers to stm32f4xx_it.o(i.DMA1_Stream3_IRQHandler) for DMA1_Stream3_IRQHandler
    startup_stm32f429xx.o(RESET) refers to stm32f4xx_it.o(i.TIM2_IRQHandler) for TIM2_IRQHandler
    startup_stm32f429xx.o(RESET) refers to stm32f4xx_it.o(i.USART1_IRQHandler) for USART1_IRQHandler
    startup_stm32f429xx.o(RESET) refers to stm32f4xx_it.o(i.USART2_IRQHandler) for USART2_IRQHandler
    startup_stm32f429xx.o(RESET) refers to stm32f4xx_it.o(i.USART3_IRQHandler) for USART3_IRQHandler
    startup_stm32f429xx.o(RESET) refers to stm32f4xx_it.o(i.SDIO_IRQHandler) for SDIO_IRQHandler
    startup_stm32f429xx.o(RESET) refers to stm32f4xx_it.o(i.UART4_IRQHandler) for UART4_IRQHandler
    startup_stm32f429xx.o(RESET) refers to stm32f4xx_it.o(i.DMA2_Stream3_IRQHandler) for DMA2_Stream3_IRQHandler
    startup_stm32f429xx.o(RESET) refers to stm32f4xx_it.o(i.DMA2_Stream6_IRQHandler) for DMA2_Stream6_IRQHandler
    startup_stm32f429xx.o(RESET) refers to stm32f4xx_it.o(i.USART6_IRQHandler) for USART6_IRQHandler
    startup_stm32f429xx.o(RESET) refers to stm32f4xx_it.o(i.UART7_IRQHandler) for UART7_IRQHandler
    startup_stm32f429xx.o(RESET) refers to stm32f4xx_it.o(i.UART8_IRQHandler) for UART8_IRQHandler
    startup_stm32f429xx.o(.text) refers to system_stm32f4xx.o(i.SystemInit) for SystemInit
    startup_stm32f429xx.o(.text) refers to entry.o(.ARM.Collect$$$$00000000) for __main
    oled.o(i.I2C_Start) refers to stm32f4xx_hal_gpio.o(i.HAL_GPIO_WritePin) for HAL_GPIO_WritePin
    oled.o(i.I2C_Start) refers to oled.o(i.IIC_delay) for IIC_delay
    oled.o(i.I2C_Stop) refers to stm32f4xx_hal_gpio.o(i.HAL_GPIO_WritePin) for HAL_GPIO_WritePin
    oled.o(i.I2C_Stop) refers to oled.o(i.IIC_delay) for IIC_delay
    oled.o(i.I2C_WaitAck) refers to stm32f4xx_hal_gpio.o(i.HAL_GPIO_WritePin) for HAL_GPIO_WritePin
    oled.o(i.I2C_WaitAck) refers to oled.o(i.IIC_delay) for IIC_delay
    oled.o(i.OLED_Clear) refers to oled.o(i.OLED_Refresh) for OLED_Refresh
    oled.o(i.OLED_Clear) refers to oled.o(.bss) for .bss
    oled.o(i.OLED_ClearB) refers to oled.o(i.OLED_Refresh) for OLED_Refresh
    oled.o(i.OLED_ClearB) refers to oled.o(.bss) for .bss
    oled.o(i.OLED_ColorTurn) refers to oled.o(i.OLED_WR_Byte) for OLED_WR_Byte
    oled.o(i.OLED_DisPlay_Off) refers to oled.o(i.OLED_WR_Byte) for OLED_WR_Byte
    oled.o(i.OLED_DisPlay_On) refers to oled.o(i.OLED_WR_Byte) for OLED_WR_Byte
    oled.o(i.OLED_DisplayTurn) refers to oled.o(i.OLED_WR_Byte) for OLED_WR_Byte
    oled.o(i.OLED_DrawCircle) refers to oled.o(i.OLED_DrawPoint) for OLED_DrawPoint
    oled.o(i.OLED_DrawLine) refers to oled.o(i.OLED_DrawPoint) for OLED_DrawPoint
    oled.o(i.OLED_DrawPoint) refers to oled.o(.bss) for .bss
    oled.o(i.OLED_Fill) refers to oled.o(i.OLED_Refresh) for OLED_Refresh
    oled.o(i.OLED_Fill) refers to oled.o(.bss) for .bss
    oled.o(i.OLED_Init) refers to oled.o(i.OLED_WR_Byte) for OLED_WR_Byte
    oled.o(i.OLED_Init) refers to oled.o(i.OLED_Clear) for OLED_Clear
    oled.o(i.OLED_Init) refers to oled.o(i.OLED_ColorTurn) for OLED_ColorTurn
    oled.o(i.OLED_Init) refers to oled.o(i.OLED_DisplayTurn) for OLED_DisplayTurn
    oled.o(i.OLED_Init) refers to oled.o(i.OLED_Refresh) for OLED_Refresh
    oled.o(i.OLED_Refresh) refers to oled.o(i.OLED_WR_Byte) for OLED_WR_Byte
    oled.o(i.OLED_Refresh) refers to oled.o(i.I2C_Start) for I2C_Start
    oled.o(i.OLED_Refresh) refers to oled.o(i.Send_Byte) for Send_Byte
    oled.o(i.OLED_Refresh) refers to oled.o(i.I2C_WaitAck) for I2C_WaitAck
    oled.o(i.OLED_Refresh) refers to oled.o(i.I2C_Stop) for I2C_Stop
    oled.o(i.OLED_Refresh) refers to oled.o(.bss) for .bss
[...]
    HAL_Delay                                0x08001c8d   Thumb Code    32  stm32f4xx_hal.o(i.HAL_Delay)
    HAL_GPIO_Init                            0x08001cb1   Thumb Code   414  stm32f4xx_hal_gpio.o(i.HAL_GPIO_Init)
    HAL_GPIO_WritePin                        0x08001e85   Thumb Code    10  stm32f4xx_hal_gpio.o(i.HAL_GPIO_WritePin)
    HAL_GetTick                              0x08001e91   Thumb Code     6  stm32f4xx_hal.o(i.HAL_GetTick)
    HAL_I2CEx_ConfigAnalogFilter             0x08001e9d   Thumb Code    66  stm32f4xx_hal_i2c_ex.o(i.HAL_I2CEx_ConfigAnalogFilter)
    HAL_I2CEx_ConfigDigitalFilter            0x08001edf   Thumb Code    62  stm32f4xx_hal_i2c_ex.o(i.HAL_I2CEx_ConfigDigitalFilter)
    HAL_I2C_GetState                         0x08001f1d   Thumb Code     6  stm32f4xx_hal_i2c.o(i.HAL_I2C_GetState)
    HAL_I2C_Init                             0x08001f25   Thumb Code   376  stm32f4xx_hal_i2c.o(i.HAL_I2C_Init)
    HAL_I2C_IsDeviceReady                    0x080020ad   Thumb Code   354  stm32f4xx_hal_i2c.o(i.HAL_I2C_IsDeviceReady)
    HAL_I2C_Mem_Read                         0x08002219   Thumb Code   490  stm32f4xx_hal_i2c.o(i.HAL_I2C_Mem_Read)
    HAL_I2C_Mem_Write                        0x08002411   Thumb Code   294  stm32f4xx_hal_i2c.o(i.HAL_I2C_Mem_Write)
    HAL_I2C_MspInit                          0x08002541   Thumb Code    92  i2c.o(i.HAL_I2C_MspInit)
    HAL_IncTick                              0x080025a9   Thumb Code    12  stm32f4xx_hal.o(i.HAL_IncTick)
    HAL_Init                                 0x080025b9   Thumb Code    48  stm32f4xx_hal.o(i.HAL_Init)
    HAL_InitTick                             0x080025ed   Thumb Code    54  stm32f4xx_hal.o(i.HAL_InitTick)
    HAL_MspInit                              0x0800262d   Thumb Code    48  stm32f4xx_hal_msp.o(i.HAL_MspInit)
    HAL_NVIC_EnableIRQ                       0x08002661   Thumb Code    26  stm32f4xx_hal_cortex.o(i.HAL_NVIC_EnableIRQ)
    HAL_NVIC_SetPriority                     0x0800267d   Thumb Code    60  stm32f4xx_hal_cortex.o(i.HAL_NVIC_SetPriority)
    HAL_NVIC_SetPriorityGrouping             0x080026bd   Thumb Code    26  stm32f4xx_hal_cortex.o(i.HAL_NVIC_SetPriorityGrouping)
    HAL_PWREx_EnableOverDrive                0x080026e1   Thumb Code    98  stm32f4xx_hal_pwr_ex.o(i.HAL_PWREx_EnableOverDrive)
    HAL_RCC_ClockConfig                      0x08002751   Thumb Code   288  stm32f4xx_hal_rcc.o(i.HAL_RCC_ClockConfig)
    HAL_RCC_GetPCLK1Freq                     0x08002885   Thumb Code    20  stm32f4xx_hal_rcc.o(i.HAL_RCC_GetPCLK1Freq)
    HAL_RCC_GetPCLK2Freq                     0x080028a5   Thumb Code    20  stm32f4xx_hal_rcc.o(i.HAL_RCC_GetPCLK2Freq)
    HAL_RCC_GetSysClockFreq                  0x080028c5   Thumb Code    88  stm32f4xx_hal_rcc.o(i.HAL_RCC_GetSysClockFreq)
    HAL_RCC_OscConfig                        0x08002929   Thumb Code   840  stm32f4xx_hal_rcc.o(i.HAL_RCC_OscConfig)
    HAL_SD_AbortCallback                     0x08002c85   Thumb Code     8  bsp_driver_sd.o(i.HAL_SD_AbortCallback)
    HAL_SD_ConfigWideBusOperation            0x08002c8d   Thumb Code   238  stm32f4xx_hal_sd.o(i.HAL_SD_ConfigWideBusOperation)
    HAL_SD_ErrorCallback                     0x08002d81   Thumb Code     2  stm32f4xx_hal_sd.o(i.HAL_SD_ErrorCallback)
    HAL_SD_GetCardCSD                        0x08002d85   Thumb Code   402  stm32f4xx_hal_sd.o(i.HAL_SD_GetCardCSD)
    HAL_SD_GetCardInfo                       0x08002f1d   Thumb Code    36  stm32f4xx_hal_sd.o(i.HAL_SD_GetCardInfo)
    HAL_SD_GetCardState                      0x08002f41   Thumb Code    44  stm32f4xx_hal_sd.o(i.HAL_SD_GetCardState)
    HAL_SD_IRQHandler                        0x08002f6d   Thumb Code   512  stm32f4xx_hal_sd.o(i.HAL_SD_IRQHandler)
    HAL_SD_Init                              0x08003175   Thumb Code    54  stm32f4xx_hal_sd.o(i.HAL_SD_Init)
    HAL_SD_InitCard                          0x080031ad   Thumb Code    78  stm32f4xx_hal_sd.o(i.HAL_SD_InitCard)
    HAL_SD_MspInit                           0x08003201   Thumb Code   288  sdio.o(i.HAL_SD_MspInit)
    HAL_SD_ReadBlocks_DMA                    0x08003339   Thumb Code   288  stm32f4xx_hal_sd.o(i.HAL_SD_ReadBlocks_DMA)
    HAL_SD_RxCpltCallback                    0x08003469   Thumb Code     8  bsp_driver_sd.o(i.HAL_SD_RxCpltCallback)
    HAL_SD_TxCpltCallback                    0x08003471   Thumb Code     8  bsp_driver_sd.o(i.HAL_SD_TxCpltCallback)
    HAL_SD_WriteBlocks_DMA                   0x08003479   Thumb Code   290  stm32f4xx_hal_sd.o(i.HAL_SD_WriteBlocks_DMA)
    HAL_SYSTICK_Config                       0x080035ad   Thumb Code    40  stm32f4xx_hal_cortex.o(i.HAL_SYSTICK_Config)
    HAL_TIMEx_BreakCallback                  0x080035d5   Thumb Code     2  stm32f4xx_hal_tim_ex.o(i.HAL_TIMEx_BreakCallback)
    HAL_TIMEx_CommutCallback                 0x080035d7   Thumb Code     2  stm32f4xx_hal_tim_ex.o(i.HAL_TIMEx_CommutCallback)
    HAL_TIMEx_MasterConfigSynchronization    0x080035d9   Thumb Code   116  stm32f4xx_hal_tim_ex.o(i.HAL_TIMEx_MasterConfigSynchronization)
    HAL_TIM_Base_Init                        0x08003669   Thumb Code    54  stm32f4xx_hal_tim.o(i.HAL_TIM_Base_Init)
    HAL_TIM_Base_MspInit                     0x080036a1   Thumb Code    50  tim.o(i.HAL_TIM_Base_MspInit)
    HAL_TIM_Base_Start_IT                    0x080036d9   Thumb Code    34  stm32f4xx_hal_tim.o(i.HAL_TIM_Base_Start_IT)
    HAL_TIM_ConfigClockSource                0x080036fb   Thumb Code   214  stm32f4xx_hal_tim.o(i.HAL_TIM_ConfigClockSource)
    HAL_TIM_IC_CaptureCallback               0x080037d1   Thumb Code     2  stm32f4xx_hal_tim.o(i.HAL_TIM_IC_CaptureCallback)
    HAL_TIM_IRQHandler                       0x080037d3   Thumb Code   358  stm32f4xx_hal_tim.o(i.HAL_TIM_IRQHandler)
    HAL_TIM_OC_DelayElapsedCallback          0x08003939   Thumb Code     2  stm32f4xx_hal_tim.o(i.HAL_TIM_OC_DelayElapsedCallback)
    HAL_TIM_PWM_PulseFinishedCallback        0x0800393b   Thumb Code     2  stm32f4xx_hal_tim.o(i.HAL_TIM_PWM_PulseFinishedCallback)
    HAL_TIM_PeriodElapsedCallback            0x0800393d   Thumb Code    72  logic.o(i.HAL_TIM_PeriodElapsedCallback)
    HAL_TIM_TriggerCallback                  0x08003989   Thumb Code     2  stm32f4xx_hal_tim.o(i.HAL_TIM_TriggerCallback)
    HAL_UART_DMAStop                         0x0800398b   Thumb Code    88  stm32f4xx_hal_uart.o(i.HAL_UART_DMAStop)
    HAL_UART_ErrorCallback                   0x080039e3   Thumb Code     2  stm32f4xx_hal_uart.o(i.HAL_UART_ErrorCallback)
    HAL_UART_IRQHandler                      0x080039e5   Thumb Code   270  stm32f4xx_hal_uart.o(i.HAL_UART_IRQHandler)
    HAL_UART_Init                            0x08003af9   Thumb Code    98  stm32f4xx_hal_uart.o(i.HAL_UART_Init)
    HAL_UART_MspInit                         0x08003b5d   Thumb Code   662  usart.o(i.HAL_UART_MspInit)
    HAL_UART_Receive_DMA                     0x08003e35   Thumb Code   138  stm32f4xx_hal_uart.o(i.HAL_UART_Receive_DMA)
    HAL_UART_RxCpltCallback                  0x08003ecd   Thumb Code     2  stm32f4xx_hal_uart.o(i.HAL_UART_RxCpltCallback)
    HAL_UART_RxHalfCpltCallback              0x08003ecf   Thumb Code     2  stm32f4xx_hal_uart.o(i.HAL_UART_RxHalfCpltCallback)
    HAL_UART_Transmit                        0x08003ed1   Thumb Code   186  stm32f4xx_hal_uart.o(i.HAL_UART_Transmit)
    HAL_UART_TxCpltCallback                  0x08003f8b   Thumb Code     2  stm32f4xx_hal_uart.o(i.HAL_UART_TxCpltCallback)
    HardFault_Handler                        0x08003f8d   Thumb Code     2  stm32f4xx_it.o(i.HardFault_Handler)
    HexToDec                                 0x08003f91   Thumb Code    90  sensor.o(i.HexToDec)
    I2C_EE_BufferRead                        0x08003ff5   Thumb Code    24  e2prom.o(i.I2C_EE_BufferRead)
    I2C_EE_BufferWrite                       0x08004011   Thumb Code   136  e2prom.o(i.I2C_EE_BufferWrite)
    I2C_EE_ByteWrite                         0x08004099   Thumb Code    68  e2prom.o(i.I2C_EE_ByteWrite)
    I2C_EE_PageWrite                         0x080040e1   Thumb Code    66  e2prom.o(i.I2C_EE_PageWrite)
    I2C_Start                                0x080042fd   Thumb Code    60  oled.o(i.I2C_Start)
    I2C_Stop                                 0x0800433d   Thumb Code    42  oled.o(i.I2C_Stop)
    I2C_WaitAck                              0x0800436d   Thumb Code    50  oled.o(i.I2C_WaitAck)
    IIC_delay                                0x080045a1   Thumb Code    10  oled.o(i.IIC_delay)
    MX_DMA_Init                              0x080045ad   Thumb Code    88  dma.o(i.MX_DMA_Init)
    MX_FATFS_Init                            0x08004609   Thumb Code    16  fatfs.o(i.MX_FATFS_Init)
    MX_GPIO_Init                             0x08004625   Thumb Code   374  gpio.o(i.MX_GPIO_Init)
    MX_I2C1_Init                             0x080047b5   Thumb Code    78  i2c.o(i.MX_I2C1_Init)
    MX_SDIO_SD_Init                          0x08004811   Thumb Code    22  sdio.o(i.MX_SDIO_SD_Init)
    MX_TIM2_Init                             0x08004831   Thumb Code    96  tim.o(i.MX_TIM2_Init)
    MX_UART4_Init                            0x08004895   Thumb Code    48  usart.o(i.MX_UART4_Init)
    MX_UART7_Init                            0x080048cd   Thumb Code    48  usart.o(i.MX_UART7_Init)
    MX_UART8_Init                            0x08004905   Thumb Code    48  usart.o(i.MX_UART8_Init)
    MX_USART1_UART_Init                      0x0800493d   Thumb Code    48  usart.o(i.MX_USART1_UART_Init)
    MX_USART2_UART_Init                      0x08004975   Thumb Code    48  usart.o(i.MX_USART2_UART_Init)
    MX_USART3_UART_Init                      0x080049ad   Thumb Code    48  usart.o(i.MX_USART3_UART_Init)
    MX_USART6_UART_Init                      0x080049e5   Thumb Code    48  usart.o(i.MX_USART6_UART_Init)
    MemManage_Handler                        0x08004a1d   Thumb Code     2  stm32f4xx_it.o(i.MemManage_Handler)
    NMEA_Comma_Pos                           0x08004a1f   Thumb Code    42  ec20.o(i.NMEA_Comma_Pos)
    NMEA_GPRMC_Analysis                      0x08004a49   Thumb Code   582  ec20.o(i.NMEA_GPRMC_Analysis)
    NMEA_Pow                                 0x08004ca9   Thumb Code    16  ec20.o(i.NMEA_Pow)
    NMEA_Str2num                             0x08004cb9   Thumb Code   192  ec20.o(i.NMEA_Str2num)
    NMI_Handler                              0x08004d79   Thumb Code     2  stm32f4xx_it.o(i.NMI_Handler)
    OLED_Clear                               0x08004d7d   Thumb Code    40  oled.o(i.OLED_Clear)
    OLED_ClearB                              0x08004da9   Thumb Code    40  oled.o(i.OLED_ClearB)
    OLED_ColorTurn                           0x08004dd5   Thumb Code    24  oled.o(i.OLED_ColorTurn)
    OLED_DisplayTurn                         0x08004ded   Thumb Code    44  oled.o(i.OLED_DisplayTurn)
    OLED_DrawPoint                           0x08004e19   Thumb Code    40  oled.o(i.OLED_DrawPoint)
    OLED_Init                                0x08004e45   Thumb Code   210  oled.o(i.OLED_Init)
    OLED_Refresh                             0x08004f19   Thumb Code   100  oled.o(i.OLED_Refresh)
    OLED_ShowChar                            0x08004f81   Thumb Code   212  oled.o(i.OLED_ShowChar)
    OLED_ShowChinese                         0x08005065   Thumb Code   164  oled.o(i.OLED_ShowChinese)
    OLED_ShowPicture                         0x08005111   Thumb Code   160  oled.o(i.OLED_ShowPicture)
    OLED_ShowString                          0x080051b1   Thumb Code    64  oled.o(i.OLED_ShowString)
    OLED_WR_Byte                             0x080051f1   Thumb Code    54  oled.o(i.OLED_WR_Byte)
    PendSV_Handler                           0x08005227   Thumb Code     2  stm32f4xx_it.o(i.PendSV_Handler)
    SDIO_ConfigData                          0x08005229   Thumb Code    36  stm32f4xx_ll_sdmmc.o(i.SDIO_ConfigData)
    SDIO_GetPowerState                       0x0800524d   Thumb Code     8  stm32f4xx_ll_sdmmc.o(i.SDIO_GetPowerState)
    SDIO_GetResponse                         0x08005255   Thumb Code     6  stm32f4xx_ll_sdmmc.o(i.SDIO_GetResponse)
    SDIO_IRQHandler                          0x0800525d   Thumb Code     6  stm32f4xx_it.o(i.SDIO_IRQHandler)
    SDIO_Init                                0x08005269   Thumb Code    36  stm32f4xx_ll_sdmmc.o(i.SDIO_Init)
    SDIO_PowerState_ON                       0x0800528d   Thumb Code    16  stm32f4xx_ll_sdmmc.o(i.SDIO_PowerState_ON)
    SDIO_ReadFIFO                            0x0800529d   Thumb Code     6  stm32f4xx_ll_sdmmc.o(i.SDIO_ReadFIFO)
    SDIO_SendCommand                         0x080052a3   Thumb Code    32  stm32f4xx_ll_sdmmc.o(i.SDIO_SendCommand)
    SDIO_WriteFIFO                           0x080052c3   Thumb Code    10  stm32f4xx_ll_sdmmc.o(i.SDIO_WriteFIFO)
    SDMMC_CmdAppCommand                      0x080052cd   Thumb Code    50  stm32f4xx_ll_sdmmc.o(i.SDMMC_CmdAppCommand)
    SDMMC_CmdAppOperCommand                  0x08005301   Thumb Code    48  stm32f4xx_ll_sdmmc.o(i.SDMMC_CmdAppOperCommand)
    SDMMC_CmdBlockLength                     0x08005335   Thumb Code    50  stm32f4xx_ll_sdmmc.o(i.SDMMC_CmdBlockLength)
    SDMMC_CmdBusWidth                        0x08005367   Thumb Code    50  stm32f4xx_ll_sdmmc.o(i.SDMMC_CmdBusWidth)
    SDMMC_CmdGoIdleState                     0x08005399   Thumb Code    74  stm32f4xx_ll_sdmmc.o(i.SDMMC_CmdGoIdleState)
    SDMMC_CmdOperCond                        0x080053e9   Thumb Code   112  stm32f4xx_ll_sdmmc.o(i.SDMMC_CmdOperCond)
    SDMMC_CmdReadMultiBlock                  0x0800545d   Thumb Code    50  stm32f4xx_ll_sdmmc.o(i.SDMMC_CmdReadMultiBlock)
    SDMMC_CmdReadSingleBlock                 0x0800548f   Thumb Code    50  stm32f4xx_ll_sdmmc.o(i.SDMMC_CmdReadSingleBlock)
    SDMMC_CmdSelDesel                        0x080054c1   Thumb Code    50  stm32f4xx_ll_sdmmc.o(i.SDMMC_CmdSelDesel)
    SDMMC_CmdSendCID                         0x080054f3   Thumb Code    44  stm32f4xx_ll_sdmmc.o(i.SDMMC_CmdSendCID)
    SDMMC_CmdSendCSD                         0x0800551f   Thumb Code    44  stm32f4xx_ll_sdmmc.o(i.SDMMC_CmdSendCSD)
    SDMMC_CmdSendSCR                         0x0800554b   Thumb Code    48  stm32f4xx_ll_sdmmc.o(i.SDMMC_CmdSendSCR)
    SDMMC_CmdSendStatus                      0x0800557b   Thumb Code    50  stm32f4xx_ll_sdmmc.o(i.SDMMC_CmdSendStatus)
    SDMMC_CmdSetRelAdd                       0x080055ad   Thumb Code    48  stm32f4xx_ll_sdmmc.o(i.SDMMC_CmdSetRelAdd)
    SDMMC_CmdStopTransfer                    0x080055dd   Thumb Code    46  stm32f4xx_ll_sdmmc.o(i.SDMMC_CmdStopTransfer)
    SDMMC_CmdWriteMultiBlock                 0x08005611   Thumb Code    50  stm32f4xx_ll_sdmmc.o(i.SDMMC_CmdWriteMultiBlock)
    SDMMC_CmdWriteSingleBlock                0x08005643   Thumb Code    50  stm32f4xx_ll_sdmmc.o(i.SDMMC_CmdWriteSingleBlock)
    SD_initialize                            0x08005cb5   Thumb Code    24  sd_diskio.o(i.SD_initialize)
    SD_ioctl                                 0x08005cd1   Thumb Code    98  sd_diskio.o(i.SD_ioctl)
    SD_read                                  0x08005d39   Thumb Code   130  sd_diskio.o(i.SD_read)
    SD_status                                0x08005dc1   Thumb Code     4  sd_diskio.o(i.SD_status)
    SD_write                                 0x08005dc5   Thumb Code   130  sd_diskio.o(i.SD_write)
    SVC_Handler                              0x08005e4d   Thumb Code     2  stm32f4xx_it.o(i.SVC_Handler)
    Send_Byte                                0x08005e51   Thumb Code    68  oled.o(i.Send_Byte)
    SysTick_Handler                          0x08005e99   Thumb Code     4  stm32f4xx_it.o(i.SysTick_Handler)
    SystemClock_Config                       0x08005e9d   Thumb Code   148  main.o(i.SystemClock_Config)
    SystemInit                               0x08005f39   Thumb Code    12  system_stm32f4xx.o(i.SystemInit)
    TIM2_IRQHandler                          0x08005f49   Thumb Code     6  stm32f4xx_it.o(i.TIM2_IRQHandler)
    TIM_Base_SetConfig                       0x08005f55   Thumb Code   156  stm32f4xx_hal_tim.o(i.TIM_Base_SetConfig)
    TIM_ETR_SetConfig                        0x0800601d   Thumb Code    20  stm32f4xx_hal_tim.o(i.TIM_ETR_SetConfig)
    UART4_IRQHandler                         0x08006089   Thumb Code    16  stm32f4xx_it.o(i.UART4_IRQHandler)
    UART7_IRQHandler                         0x0800609d   Thumb Code    16  stm32f4xx_it.o(i.UART7_IRQHandler)
    UART8_IRQHandler                         0x080060b1   Thumb Code    16  stm32f4xx_it.o(i.UART8_IRQHandler)
    USART1_IRQHandler                        0x08006419   Thumb Code     6  stm32f4xx_it.o(i.USART1_IRQHandler)
    USART2_IRQHandler                        0x08006425   Thumb Code    16  stm32f4xx_it.o(i.USART2_IRQHandler)
    USART3_IRQHandler                        0x08006439   Thumb Code    16  stm32f4xx_it.o(i.USART3_IRQHandler)
    USART6_IRQHandler                        0x0800644d   Thumb Code    16  stm32f4xx_it.o(i.USART6_IRQHandler)
    UsageFault_Handler                       0x08006461   Thumb Code     2  stm32f4xx_it.o(i.UsageFault_Handler)
    Voice_IRQHandler                         0x08006465   Thumb Code   102  sensor.o(i.Voice_IRQHandler)
    __0printf                                0x080064dd   Thumb Code    22  printfa.o(i.__0printf)
    __1printf                                0x080064dd   Thumb Code     0  printfa.o(i.__0printf)
    __2printf                                0x080064dd   Thumb Code     0  printfa.o(i.__0printf)
    __c89printf                              0x080064dd   Thumb Code     0  printfa.o(i.__0printf)
    printf                                   0x080064dd   Thumb Code     0  printfa.o(i.__0printf)
    __0sprintf                               0x080064fd   Thumb Code    34  printfa.o(i.__0sprintf)
    __1sprintf                               0x080064fd   Thumb Code     0  printfa.o(i.__0sprintf)
    __2sprintf                               0x080064fd   Thumb Code     0  printfa.o(i.__0sprintf)
    __c89sprintf                             0x080064fd   Thumb Code     0  printfa.o(i.__0sprintf)
    sprintf                                  0x080064fd   Thumb Code     0  printfa.o(i.__0sprintf)
    __ARM_fpclassify                         0x08006525   Thumb Code    48  fpclassify.o(i.__ARM_fpclassify)
    __aeabi_errno_addr                       0x08006575   Thumb Code     4  errno.o(i.__aeabi_errno_addr)
    __rt_errno_addr                          0x08006575   Thumb Code     0  errno.o(i.__aeabi_errno_addr)
    __hardfp_asin                            0x08006581   Thumb Code   770  asin.o(i.__hardfp_asin)
    __hardfp_cos                             0x080068e1   Thumb Code   180  cos.o(i.__hardfp_cos)
    __hardfp_pow                             0x080069a9   Thumb Code  3072  pow.o(i.__hardfp_pow)
    __hardfp_round                           0x080075f9   Thumb Code   194  round.o(i.__hardfp_round)
    __hardfp_sin                             0x080076d9   Thumb Code   180  sin.o(i.__hardfp_sin)
    __hardfp_sqrt                            0x080077a1   Thumb Code   122  sqrt.o(i.__hardfp_sqrt)
    __ieee754_rem_pio2                       0x08007821   Thumb Code   938  rred.o(i.__ieee754_rem_pio2)
    __kernel_cos                             0x08007c59   Thumb Code   322  cos_i.o(i.__kernel_cos)
    __kernel_poly                            0x08007dc9   Thumb Code   248  poly.o(i.__kernel_poly)
    __kernel_sin                             0x08007ec1   Thumb Code   280  sin_i.o(i.__kernel_sin)
    __mathlib_dbl_divzero                    0x08007ff1   Thumb Code    28  dunder.o(i.__mathlib_dbl_divzero)
    __mathlib_dbl_infnan                     0x08008021   Thumb Code    20  dunder.o(i.__mathlib_dbl_infnan)
    __mathlib_dbl_infnan2                    0x08008035   Thumb Code    20  dunder.o(i.__mathlib_dbl_infnan2)
    __mathlib_dbl_invalid                    0x08008049   Thumb Code    24  dunder.o(i.__mathlib_dbl_invalid)
    __mathlib_dbl_overflow                   0x08008069   Thumb Code    24  dunder.o(i.__mathlib_dbl_overflow)
    __mathlib_dbl_underflow                  0x08008089   Thumb Code    24  dunder.o(i.__mathlib_dbl_underflow)
    __scatterload_copy                       0x080080a9   Thumb Code    14  handlers.o(i.__scatterload_copy)
    __scatterload_null                       0x080080b7   Thumb Code     2  handlers.o(i.__scatterload_null)
    __scatterload_zeroinit                   0x080080b9   Thumb Code    14  handlers.o(i.__scatterload_zeroinit)
    __set_errno                              0x080080c9   Thumb Code     6  errno.o(i.__set_errno)
    bar_refresh                              0x08008991   Thumb Code   574  logic.o(i.bar_refresh)
    ble_receive                              0x08008bf5   Thumb Code   620  sensor.o(i.ble_receive)
    ble_rxdma_handle                         0x08008ec1   Thumb Code    48  sensor.o(i.ble_rxdma_handle)
    ble_start_init                           0x08008efd   Thumb Code    46  sensor.o(i.ble_start_init)
    delay_ms                                 0x08009471   Thumb Code     4  oled.o(i.delay_ms)
    disk_initialize                          0x080098a5   Thumb Code    38  diskio.o(i.disk_initialize)
    disk_ioctl                               0x080098d1   Thumb Code    22  diskio.o(i.disk_ioctl)
    disk_read                                0x080098ed   Thumb Code    28  diskio.o(i.disk_read)
    disk_status                              0x0800990d   Thumb Code    18  diskio.o(i.disk_status)
    disk_write                               0x08009925   Thumb Code    28  diskio.o(i.disk_write)
    f_close                                  0x0800996d   Thumb Code    42  ff.o(i.f_close)
    f_lseek                                  0x08009997   Thumb Code   646  ff.o(i.f_lseek)
    f_mkdir                                  0x08009c1d   Thumb Code   380  ff.o(i.f_mkdir)
    f_mount                                  0x08009d99   Thumb Code    98  ff.o(i.f_mount)
    f_open                                   0x08009e01   Thumb Code   566  ff.o(i.f_open)
    f_read                                   0x0800a037   Thumb Code   392  ff.o(i.f_read)
    f_sync                                   0x0800a1bf   Thumb Code   154  ff.o(i.f_sync)
    f_write                                  0x0800a259   Thumb Code   452  ff.o(i.f_write)
    fabs                                     0x0800a41d   Thumb Code    24  fabs.o(i.fabs)
    ff_convert                               0x0800a435   Thumb Code    88  cc936.o(i.ff_convert)
    ff_memalloc                              0x0800a495   Thumb Code     4  syscall.o(i.ff_memalloc)
    ff_memfree                               0x0800a499   Thumb Code     4  syscall.o(i.ff_memfree)
    ff_wtoupper                              0x0800a49d   Thumb Code   156  cc936.o(i.ff_wtoupper)
    fputc                                    0x0800a8a5   Thumb Code    14  sensor.o(i.fputc)
    free                                     0x0800a8b9   Thumb Code    76  malloc.o(i.free)
    get_distance                             0x0800a9b1   Thumb Code   360  sensor.o(i.get_distance)
    get_fattime                              0x0800abfd   Thumb Code     4  fatfs.o(i.get_fattime)
    gggg_IRQHandler                          0x0800ac51   Thumb Code    28  ec20.o(i.gggg_IRQHandler)
    gggg_SendStr                             0x0800ac79   Thumb Code    26  ec20.o(i.gggg_SendStr)
    main                                     0x0800ad75   Thumb Code  2194  main.o(i.main)
    malloc                                   0x0800b691   Thumb Code    92  malloc.o(i.malloc)
    module_check                             0x0800b735   Thumb Code    60  logic.o(i.module_check)
    module_init                              0x0800b785   Thumb Code   206  logic.o(i.module_init)
    oled_main_show                           0x0800b91d   Thumb Code   198  logic.o(i.oled_main_show)
    radian                                   0x0800bb59   Thumb Code    36  sensor.o(i.radian)
    reset_4g                                 0x0800bc0d   Thumb Code    44  ec20.o(i.reset_4g)
    sd_savep                                 0x0800bc3d   Thumb Code    48  sensor.o(i.sd_savep)
    sd_savepq                                0x0800bc79   Thumb Code    68  sensor.o(i.sd_savepq)
    sd_saveq                                 0x0800bccd   Thumb Code    84  sensor.o(i.sd_saveq)
    smg_onx                                  0x0800bd31   Thumb Code   648  led.o(i.smg_onx)
    sqrt                                     0x0800bfc5   Thumb Code   110  sqrt.o(i.sqrt)
    take_photo                               0x0800c179   Thumb Code    98  sensor.o(i.take_photo)
    tool_check                               0x0800c1e9   Thumb Code   106  logic.o(i.tool_check)
    tool_selected                            0x0800c25d   Thumb Code   376  logic.o(i.tool_selected)
    asc2_0806                                0x0800c42c   Data         552  oled.o(.constdata)
    asc2_1206                                0x0800c654   Data        1140  oled.o(.constdata)
    asc2_1608                                0x0800cac8   Data        1520  oled.o(.constdata)
    asc2_2412                                0x0800d0b8   Data        3420  oled.o(.constdata)
    Hzc1                                     0x0800de14   Data         576  oled.o(.constdata)
    Hzc2                                     0x0800e054   Data         768  oled.o(.constdata)
    No_Logo                                  0x0800e354   Data           8  logic.o(.constdata)
    Square_B                                 0x0800e35c   Data           8  logic.o(.constdata)
    Square_P                                 0x0800e364   Data           8  logic.o(.constdata)
    Angle_Logo                               0x0800e36c   Data           8  logic.o(.constdata)
    SD_Logo                                  0x0800e374   Data           8  logic.o(.constdata)
    Selected                                 0x0800e37c   Data           8  logic.o(.constdata)
    NotSelected                              0x0800e384   Data           8  logic.o(.constdata)
    SignalIntensity0                         0x0800e38c   Data          16  logic.o(.constdata)
    SignalIntensity4                         0x0800e39c   Data          16  logic.o(.constdata)
    GPS_Logo                                 0x0800e3ac   Data           9  logic.o(.constdata)
    AHBPrescTable                            0x0800e3d4   Data          16  system_stm32f4xx.o(.constdata)
    APBPrescTable                            0x0800e3e4   Data           8  system_stm32f4xx.o(.constdata)
    SD_Driver                                0x0800e3ec   Data          20  sd_diskio.o(.constdata)
    __mathlib_zero                           0x080390e8   Data           8  qnan.o(.constdata)
    __ctype_table                            0x080391e0   Data         129  ctype_o.o(.constdata)
    Region$$Table$$Base                      0x0803930c   Number         0  anon$$obj.o(Region$$Table)
    Region$$Table$$Limit                     0x0803932c   Number         0  anon$$obj.o(Region$$Table)
    angle_rx_flag                            0x20000000   Data           1  sensor.o(.data)
    ID                                       0x20000001   Data           1  sensor.o(.data)
    ble_rx_len                               0x20000002   Data           1  sensor.o(.data)
    ble_recv_end_flag                        0x20000003   Data           1  sensor.o(.data)
    QueryVoiceBuf                            0x20000004   Data           2  sensor.o(.data)
    Distance                                 0x20000006   Data           2  sensor.o(.data)
    clear_idD                                0x2000000a   Data           2  sensor.o(.data)
    clear_idX                                0x2000000c   Data           2  sensor.o(.data)
    anglex                                   0x20000010   Data           4  sensor.o(.data)
    anglex2                                  0x20000014   Data           4  sensor.o(.data)
    QueryAngleBuf                            0x20000018   Data           5  sensor.o(.data)
    ble_e2prom                               0x2000001d   Data           5  sensor.o(.data)
    TakeBuf2                                 0x20000022   Data           6  sensor.o(.data)
    TakeBuf                                  0x20000028   Data           7  sensor.o(.data)
    data_total                               0x20000030   Data           8  sensor.o(.data)
    photo_total                              0x20000038   Data           8  sensor.o(.data)
    clear_all_id                             0x20000040   Data          70  sensor.o(.data)
    data_pointer                             0x20000088   Data           8  sensor.o(.data)
    photo_pointer                            0x20000090   Data           8  sensor.o(.data)
    Signal_State                             0x20000098   Data           1  logic.o(.data)
    Gps_State                                0x20000099   Data           1  logic.o(.data)
    Ble_State                                0x2000009a   Data           1  logic.o(.data)
    Sd_State                                 0x2000009b   Data           1  logic.o(.data)
    Photo_State                              0x2000009c   Data           1  logic.o(.data)
    Angle_State                              0x2000009d   Data           1  logic.o(.data)
    Selected_State                           0x2000009e   Data           1  logic.o(.data)
    smg1                                     0x2000009f   Data           1  logic.o(.data)
    smg2                                     0x200000a0   Data           1  logic.o(.data)
    smg3                                     0x200000a1   Data           1  logic.o(.data)
    smg4                                     0x200000a2   Data           1  logic.o(.data)
    initial_angle                            0x200000a4   Data           1  logic.o(.data)
    angle_zf                                 0x200000a5   Data           1  logic.o(.data)
    host_id                                  0x200000a6   Data           2  logic.o(.data)
    ZID                                      0x200000a8   Data           2  logic.o(.data)
    length                                   0x200000aa   Data           2  logic.o(.data)
    width                                    0x200000ac   Data           2  logic.o(.data)
    Rxcouter                                 0x200000b0   Data           1  ec20.o(.data)
    errcount                                 0x200000b4   Data           4  ec20.o(.data)
    fail_count                               0x200000b8   Data           4  ec20.o(.data)
    strx                                     0x200000bc   Data           4  ec20.o(.data)
    extstrx                                  0x200000c0   Data           4  ec20.o(.data)
    try1                                     0x200000c4   Data           4  ec20.o(.data)
    result                                   0x200000c8   Data           4  ec20.o(.data)
    depth                                    0x200000cc   Data           4  main.o(.data)
    uwTickFreq                               0x200000d0   Data           1  stm32f4xx_hal.o(.data)
    uwTickPrio                               0x200000d4   Data           4  stm32f4xx_hal.o(.data)
    uwTick                                   0x200000d8   Data           4  stm32f4xx_hal.o(.data)
    SystemCoreClock                          0x200000dc   Data           4  system_stm32f4xx.o(.data)
    retSD                                    0x200000ec   Data           1  fatfs.o(.data)
    SDPath                                   0x200000ed   Data           4  fatfs.o(.data)
    numRW                                    0x200000f4   Data           4  fatfs.o(.data)
    br                                       0x200000f8   Data           4  fatfs.o(.data)
    ret_sd                                   0x200000fc   Data           4  fatfs.o(.data)
    __stdout                                 0x20000108   Data           4  stdout.o(.data)
    __microlib_freelist                      0x2000010c   Data           4  mvars.o(.data)
    __microlib_freelist_initialised          0x20000110   Data           4  mvars.o(.data)
    OLED_GRAM                                0x20000118   Data        1152  oled.o(.bss)
    ble_rx_buffer                            0x200005a0   Data         500  sensor.o(.bss)
    port2                                    0x20000794   Data        1032  sensor.o(.bss)
    port4                                    0x20000b9c   Data        1032  sensor.o(.bss)
    camer                                    0x20000fa4   Data          16  sensor.o(.bss)
    port3                                    0x20000fb4   Data        1032  sensor.o(.bss)
    PicBuf                                   0x200013c0   Data       10240  sensor.o(.bss)
    port6                                    0x20003bc0   Data        1032  sensor.o(.bss)
    all_toolid                               0x20003fc8   Data          70  logic.o(.bss)
    AtRxBuffer                               0x2000400e   Data         200  ec20.o(.bss)
    GPSRxBuffer                              0x200040d6   Data         200  ec20.o(.bss)
    atstr                                    0x2000419e   Data         200  ec20.o(.bss)
    gpsx                                     0x20004266   Data          34  ec20.o(.bss)
    hi2c1                                    0x20004288   Data          84  i2c.o(.bss)
    hsd                                      0x200042dc   Data         132  sdio.o(.bss)
    hdma_sdio_rx                             0x20004360   Data          96  sdio.o(.bss)
    hdma_sdio_tx                             0x200043c0   Data          96  sdio.o(.bss)
    htim2                                    0x20004420   Data          64  tim.o(.bss)
    huart4                                   0x20004460   Data          64  usart.o(.bss)
    huart7                                   0x200044a0   Data          64  usart.o(.bss)
    huart8                                   0x200044e0   Data          64  usart.o(.bss)
    huart1                                   0x20004520   Data          64  usart.o(.bss)
    huart2                                   0x20004560   Data          64  usart.o(.bss)
    huart3                                   0x200045a0   Data          64  usart.o(.bss)
    huart6                                   0x200045e0   Data          64  usart.o(.bss)
    hdma_uart7_rx                            0x20004620   Data          96  usart.o(.bss)
    SDFatFS                                  0x20004680   Data         564  fatfs.o(.bss)
    SDFile                                   0x200048b4   Data         560  fatfs.o(.bss)
    disk                                     0x20004b04   Data          12  ff_gen_drv.o(.bss)
    __heap_base                              0x20004b10   Data           0  startup_stm32f429xx.o(HEAP)
    __heap_limit                             0x20005310   Data           0  startup_stm32f429xx.o(HEAP)
    __initial_sp                             0x20005910   Data           0  startup_stm32f429xx.o(STACK)



==============================================================================

Memory Map of the image

  Image Entry point : 0x080001ad

  Load Region LR_IROM1 (Base: 0x08000000, Size: 0x00039444, Max: 0x00100000, ABSOLUTE)

    Execution Region ER_IROM1 (Exec base: 0x08000000, Load base: 0x08000000, Size: 0x0003932c, Max: 0x00100000, ABSOLUTE)

    Exec Addr    Load Addr    Size         Type   Attr      Idx    E Section Name        Object

    0x08000000   0x08000000   0x000001ac   Data   RO            3    RESET               startup_stm32f429xx.o
    0x080001ac   0x080001ac   0x00000000   Code   RO         5645  * .ARM.Collect$$$$00000000  mc_w.l(entry.o)
    0x080001ac   0x080001ac   0x00000004   Code   RO         6014    .ARM.Collect$$$$00000001  mc_w.l(entry2.o)
    0x080001b0   0x080001b0   0x00000004   Code   RO         6017    .ARM.Collect$$$$00000004  mc_w.l(entry5.o)
    0x080001b4   0x080001b4   0x00000000   Code   RO         6019    .ARM.Collect$$$$00000008  mc_w.l(entry7b.o)
    0x080001b4   0x080001b4   0x00000000   Code   RO         6021    .ARM.Collect$$$$0000000A  mc_w.l(entry8b.o)
    0x080001b4   0x080001b4   0x00000008   Code   RO         6022    .ARM.Collect$$$$0000000B  mc_w.l(entry9a.o)
    0x080001bc   0x080001bc   0x00000000   Code   RO         6024    .ARM.Collect$$$$0000000D  mc_w.l(entry10a.o)
    0x080001bc   0x080001bc   0x00000000   Code   RO         6026    .ARM.Collect$$$$0000000F  mc_w.l(entry11a.o)
    0x080001bc   0x080001bc   0x00000004   Code   RO         6015    .ARM.Collect$$$$00002712  mc_w.l(entry2.o)
    0x080001c0   0x080001c0   0x00000024   Code   RO            4    .text               startup_stm32f429xx.o
    0x080001e4   0x080001e4   0x00000062   Code   RO         5648    .text               mc_w.l(uldiv.o)
    0x08000246   0x08000246   0x00000040   Code   RO         5652    .text               mc_w.l(memmovea.o)
    0x08000286   0x08000286   0x00000024   Code   RO         5654    .text               mc_w.l(memseta.o)
    0x080002aa   0x080002aa   0x00000024   Code   RO         5656    .text               mc_w.l(strstr.o)
    0x080002ce   0x080002ce   0x0000000e   Code   RO         5658    .text               mc_w.l(strlen.o)
    0x080002dc   0x080002dc   0x0000001a   Code   RO         5953    .text               mc_w.l(atoll.o)
    0x080002f6   0x080002f6   0x0000014e   Code   RO         5955    .text               mf_w.l(dadd.o)
    0x08000444   0x08000444   0x000000e4   Code   RO         5957    .text               mf_w.l(dmul.o)
    0x08000528   0x08000528   0x000000de   Code   RO         5959    .text               mf_w.l(ddiv.o)
    0x08000606   0x08000606   0x00000022   Code   RO         5961    .text               mf_w.l(dflti.o)
    0x08000628   0x08000628   0x0000001a   Code   RO         5963    .text               mf_w.l(dfltui.o)
    0x08000642   0x08000642   0x0000003e   Code   RO         5965    .text               mf_w.l(dfixi.o)
    0x08000680   0x08000680   0x00000032   Code   RO         5967    .text               mf_w.l(dfixui.o)
    0x080006b2   0x080006b2   0x00000026   Code   RO         5969    .text               mf_w.l(f2d.o)
    0x080006d8   0x080006d8   0x00000030   Code   RO         5971    .text               mf_w.l(cdcmple.o)
    0x08000708   0x08000708   0x00000038   Code   RO         5973    .text               mf_w.l(d2f.o)
    0x08000740   0x08000740   0x0000002c   Code   RO         6029    .text               mc_w.l(uidiv.o)
    0x0800076c   0x0800076c   0x0000001e   Code   RO         6031    .text               mc_w.l(llshl.o)
    0x0800078a   0x0800078a   0x00000020   Code   RO         6033    .text               mc_w.l(llushr.o)
    0x080007aa   0x080007aa   0x00000024   Code   RO         6035    .text               mc_w.l(llsshr.o)
    0x080007ce   0x080007ce   0x00000090   Code   RO         6046    .text               mc_w.l(__strtoll.o)
    0x0800085e   0x0800085e   0x00000000   Code   RO         6048    .text               mc_w.l(iusefp.o)
    0x0800085e   0x0800085e   0x0000006e   Code   RO         6049    .text               mf_w.l(fepilogue.o)
    0x080008cc   0x080008cc   0x000000ba   Code   RO         6051    .text               mf_w.l(depilogue.o)
    0x08000986   0x08000986   0x0000002e   Code   RO         6055    .text               mf_w.l(dscalb.o)
    0x080009b4   0x080009b4   0x000000a2   Code   RO         6057    .text               mf_w.l(dsqrt.o)
    0x08000a56   0x08000a56   0x00000002   PAD
    0x08000a58   0x08000a58   0x00000088   Code   RO         6059    .text               mf_w.l(drnd.o)
    0x08000ae0   0x08000ae0   0x00000030   Code   RO         6061    .text               mf_w.l(dfixul.o)
    0x08000b10   0x08000b10   0x00000030   Code   RO         6063    .text               mf_w.l(cdrcmple.o)
    0x08000b40   0x08000b40   0x00000024   Code   RO         6065    .text               mc_w.l(init.o)
    0x08000b64   0x08000b64   0x00000008   Code   RO         6067    .text               mc_w.l(ctype_o.o)
    0x08000b6c   0x08000b6c   0x000000c2   Code   RO         6095    .text               mc_w.l(_strtoull.o)
    0x08000c2e   0x08000c2e   0x0000001c   Code   RO         6097    .text               mc_w.l(_chval.o)
    0x08000c4a   0x08000c4a   0x00000002   PAD
    0x08000c4c   0x08000c4c   0x00000084   Code   RO          358    i.Angle_IRQHandler  sensor.o
    0x08000cd0   0x08000cd0   0x00000084   Code   RO          359    i.Angle_IRQHandler2  sensor.o
    0x08000d54   0x08000d54   0x00000002   Code   RO         4784    i.BSP_SD_AbortCallback  bsp_driver_sd.o
    0x08000d56   0x08000d56   0x00000002   PAD
    0x08000d58   0x08000d58   0x0000000c   Code   RO         4787    i.BSP_SD_GetCardInfo  bsp_driver_sd.o
    0x08000d64   0x08000d64   0x00000018   Code   RO         4788    i.BSP_SD_GetCardState  bsp_driver_sd.o
    0x08000d7c   0x08000d7c   0x00000030   Code   RO         4790    i.BSP_SD_Init       bsp_driver_sd.o
    0x08000dac   0x08000dac   0x0000000e   Code   RO         4791    i.BSP_SD_IsDetected  bsp_driver_sd.o
    0x08000dba   0x08000dba   0x00000002   PAD
    0x08000dbc   0x08000dbc   0x0000001c   Code   RO         4793    i.BSP_SD_ReadBlocks_DMA  bsp_driver_sd.o
    0x08000dd8   0x08000dd8   0x0000000c   Code   RO         4905    i.BSP_SD_ReadCpltCallback  sd_diskio.o
    0x08000de4   0x08000de4   0x0000001c   Code   RO         4796    i.BSP_SD_WriteBlocks_DMA  bsp_driver_sd.o
    0x08000e00   0x08000e00   0x0000000c   Code   RO         4906    i.BSP_SD_WriteCpltCallback  sd_diskio.o
    0x08000e0c   0x08000e0c   0x00000002   Code   RO         1160    i.BusFault_Handler  stm32f4xx_it.o
    0x08000e0e   0x08000e0e   0x00000002   PAD
    0x08000e10   0x08000e10   0x000001a8   Code   RO          360    i.Camera_IRQHandler  sensor.o
    0x08000fb8   0x08000fb8   0x00000028   Code   RO          712    i.Clear_Buffer      ec20.o
    0x08000fe0   0x08000fe0   0x0000000c   Code   RO         1161    i.DMA1_Stream3_IRQHandler  stm32f4xx_it.o
    0x08000fec   0x08000fec   0x0000000c   Code   RO         1162    i.DMA2_Stream3_IRQHandler  stm32f4xx_it.o
    0x08000ff8   0x08000ff8   0x0000000c   Code   RO         1163    i.DMA2_Stream6_IRQHandler  stm32f4xx_it.o
    0x08001004   0x08001004   0x00000028   Code   RO         1843    i.DMA_CalcBaseAndBitshift  stm32f4xx_hal_dma.o
    0x0800102c   0x0800102c   0x00000054   Code   RO         1844    i.DMA_CheckFifoParam  stm32f4xx_hal_dma.o
    0x08001080   0x08001080   0x00000028   Code   RO         1845    i.DMA_SetConfig     stm32f4xx_hal_dma.o
    0x080010a8   0x080010a8   0x00000002   Code   RO         1164    i.DebugMon_Handler  stm32f4xx_it.o
    0x080010aa   0x080010aa   0x00000002   PAD
    0x080010ac   0x080010ac   0x00000074   Code   RO          714    i.EC20Send_ChangeMode  ec20.o
    0x08001120   0x08001120   0x00000034   Code   RO          717    i.EC20Send_PhotoData  ec20.o
    0x08001154   0x08001154   0x000000d0   Code   RO          718    i.EC20Send_RecAccessMode  ec20.o
    0x08001224   0x08001224   0x000000d0   Code   RO          719    i.EC20Send_StrData  ec20.o
    0x080012f4   0x080012f4   0x000003a0   Code   RO          720    i.EC20_Init         ec20.o
    0x08001694   0x08001694   0x00000004   Code   RO          856    i.Error_Handler     main.o
    0x08001698   0x08001698   0x00000006   Code   RO         5462    i.FATFS_LinkDriver  ff_gen_drv.o
    0x0800169e   0x0800169e   0x00000002   PAD
    0x080016a0   0x080016a0   0x00000044   Code   RO         5463    i.FATFS_LinkDriverEx  ff_gen_drv.o
    0x080016e4   0x080016e4   0x00000080   Code   RO          361    i.GetAngleData      sensor.o
    0x08001764   0x08001764   0x00000080   Code   RO          362    i.GetAngleData2     sensor.o
    0x080017e4   0x080017e4   0x000000e0   Code   RO          363    i.GetDepthData      sensor.o
    0x080018c4   0x080018c4   0x0000002c   Code   RO          364    i.GetVoiceData      sensor.o
    0x080018f0   0x080018f0   0x0000008e   Code   RO         1846    i.HAL_DMA_Abort     stm32f4xx_hal_dma.o
    0x0800197e   0x0800197e   0x00000024   Code   RO         1847    i.HAL_DMA_Abort_IT  stm32f4xx_hal_dma.o
    0x080019a2   0x080019a2   0x00000004   Code   RO         1849    i.HAL_DMA_GetError  stm32f4xx_hal_dma.o
    0x080019a6   0x080019a6   0x00000002   PAD
    0x080019a8   0x080019a8   0x000001a0   Code   RO         1851    i.HAL_DMA_IRQHandler  stm32f4xx_hal_dma.o
    0x08001b48   0x08001b48   0x000000d4   Code   RO         1852    i.HAL_DMA_Init      stm32f4xx_hal_dma.o
    0x08001c1c   0x08001c1c   0x0000006e   Code   RO         1856    i.HAL_DMA_Start_IT  stm32f4xx_hal_dma.o
    0x08001c8a   0x08001c8a   0x00000002   PAD
    0x08001c8c   0x08001c8c   0x00000024   Code   RO         2283    i.HAL_Delay         stm32f4xx_hal.o
    0x08001cb0   0x08001cb0   0x000001d4   Code   RO         1739    i.HAL_GPIO_Init     stm32f4xx_hal_gpio.o
    0x08001e84   0x08001e84   0x0000000a   Code   RO         1743    i.HAL_GPIO_WritePin  stm32f4xx_hal_gpio.o
    0x08001e8e   0x08001e8e   0x00000002   PAD
    0x08001e90   0x08001e90   0x0000000c   Code   RO         2291    i.HAL_GetTick       stm32f4xx_hal.o
    0x08001e9c   0x08001e9c   0x00000042   Code   RO         2973    i.HAL_I2CEx_ConfigAnalogFilter  stm32f4xx_hal_i2c_ex.o
    0x08001ede   0x08001ede   0x0000003e   Code   RO         2974    i.HAL_I2CEx_ConfigDigitalFilter  stm32f4xx_hal_i2c_ex.o
    0x08001f1c   0x08001f1c   0x00000006   Code   RO         2556    i.HAL_I2C_GetState  stm32f4xx_hal_i2c.o
    0x08001f22   0x08001f22   0x00000002   PAD
    0x08001f24   0x08001f24   0x00000188   Code   RO         2557    i.HAL_I2C_Init      stm32f4xx_hal_i2c.o
    0x080020ac   0x080020ac   0x0000016c   Code   RO         2558    i.HAL_I2C_IsDeviceReady  stm32f4xx_hal_i2c.o
    0x08002218   0x08002218   0x000001f8   Code   RO         2575    i.HAL_I2C_Mem_Read  stm32f4xx_hal_i2c.o
    0x08002410   0x08002410   0x00000130   Code   RO         2578    i.HAL_I2C_Mem_Write  stm32f4xx_hal_i2c.o
    0x08002540   0x08002540   0x00000068   Code   RO          960    i.HAL_I2C_MspInit   i2c.o
    0x080025a8   0x080025a8   0x00000010   Code   RO         2297    i.HAL_IncTick       stm32f4xx_hal.o
    0x080025b8   0x080025b8   0x00000034   Code   RO         2298    i.HAL_Init          stm32f4xx_hal.o
    0x080025ec   0x080025ec   0x00000040   Code   RO         2299    i.HAL_InitTick      stm32f4xx_hal.o
    0x0800262c   0x0800262c   0x00000034   Code   RO         1308    i.HAL_MspInit       stm32f4xx_hal_msp.o
    0x08002660   0x08002660   0x0000001a   Code   RO         2146    i.HAL_NVIC_EnableIRQ  stm32f4xx_hal_cortex.o
    0x0800267a   0x0800267a   0x00000002   PAD
    0x0800267c   0x0800267c   0x00000040   Code   RO         2152    i.HAL_NVIC_SetPriority  stm32f4xx_hal_cortex.o
    0x080026bc   0x080026bc   0x00000024   Code   RO         2153    i.HAL_NVIC_SetPriorityGrouping  stm32f4xx_hal_cortex.o
    0x080026e0   0x080026e0   0x00000070   Code   RO         2075    i.HAL_PWREx_EnableOverDrive  stm32f4xx_hal_pwr_ex.o
    0x08002750   0x08002750   0x00000134   Code   RO         1333    i.HAL_RCC_ClockConfig  stm32f4xx_hal_rcc.o
    0x08002884   0x08002884   0x00000020   Code   RO         1340    i.HAL_RCC_GetPCLK1Freq  stm32f4xx_hal_rcc.o
    0x080028a4   0x080028a4   0x00000020   Code   RO         1341    i.HAL_RCC_GetPCLK2Freq  stm32f4xx_hal_rcc.o
    0x080028c4   0x080028c4   0x00000064   Code   RO         1342    i.HAL_RCC_GetSysClockFreq  stm32f4xx_hal_rcc.o
    0x08002928   0x08002928   0x0000035c   Code   RO         1345    i.HAL_RCC_OscConfig  stm32f4xx_hal_rcc.o
    0x08002c84   0x08002c84   0x00000008   Code   RO         4798    i.HAL_SD_AbortCallback  bsp_driver_sd.o
    0x08002c8c   0x08002c8c   0x000000f4   Code   RO         3270    i.HAL_SD_ConfigWideBusOperation  stm32f4xx_hal_sd.o
    0x08002d80   0x08002d80   0x00000002   Code   RO         3273    i.HAL_SD_ErrorCallback  stm32f4xx_hal_sd.o
    0x08002d82   0x08002d82   0x00000002   PAD
    0x08002d84   0x08002d84   0x00000198   Code   RO         3275    i.HAL_SD_GetCardCSD  stm32f4xx_hal_sd.o
    0x08002f1c   0x08002f1c   0x00000024   Code   RO         3276    i.HAL_SD_GetCardInfo  stm32f4xx_hal_sd.o
    0x08002f40   0x08002f40   0x0000002c   Code   RO         3277    i.HAL_SD_GetCardState  stm32f4xx_hal_sd.o
    0x08002f6c   0x08002f6c   0x00000208   Code   RO         3281    i.HAL_SD_IRQHandler  stm32f4xx_hal_sd.o
    0x08003174   0x08003174   0x00000036   Code   RO         3282    i.HAL_SD_Init       stm32f4xx_hal_sd.o
    0x080031aa   0x080031aa   0x00000002   PAD
    0x080031ac   0x080031ac   0x00000054   Code   RO         3283    i.HAL_SD_InitCard   stm32f4xx_hal_sd.o
    0x08003200   0x08003200   0x00000138   Code   RO          999    i.HAL_SD_MspInit    sdio.o
    0x08003338   0x08003338   0x00000130   Code   RO         3287    i.HAL_SD_ReadBlocks_DMA  stm32f4xx_hal_sd.o
    0x08003468   0x08003468   0x00000008   Code   RO         4799    i.HAL_SD_RxCpltCallback  bsp_driver_sd.o
    0x08003470   0x08003470   0x00000008   Code   RO         4800    i.HAL_SD_TxCpltCallback  bsp_driver_sd.o
    0x08003478   0x08003478   0x00000134   Code   RO         3292    i.HAL_SD_WriteBlocks_DMA  stm32f4xx_hal_sd.o
    0x080035ac   0x080035ac   0x00000028   Code   RO         2157    i.HAL_SYSTICK_Config  stm32f4xx_hal_cortex.o
    0x080035d4   0x080035d4   0x00000002   Code   RO         4169    i.HAL_TIMEx_BreakCallback  stm32f4xx_hal_tim_ex.o
    0x080035d6   0x080035d6   0x00000002   Code   RO         4170    i.HAL_TIMEx_CommutCallback  stm32f4xx_hal_tim_ex.o
    0x080035d8   0x080035d8   0x00000090   Code   RO         4187    i.HAL_TIMEx_MasterConfigSynchronization  stm32f4xx_hal_tim_ex.o
    0x08003668   0x08003668   0x00000036   Code   RO         3494    i.HAL_TIM_Base_Init  stm32f4xx_hal_tim.o
    0x0800369e   0x0800369e   0x00000002   PAD
    0x080036a0   0x080036a0   0x00000038   Code   RO         1041    i.HAL_TIM_Base_MspInit  tim.o
    0x080036d8   0x080036d8   0x00000022   Code   RO         3499    i.HAL_TIM_Base_Start_IT  stm32f4xx_hal_tim.o
    0x080036fa   0x080036fa   0x000000d6   Code   RO         3503    i.HAL_TIM_ConfigClockSource  stm32f4xx_hal_tim.o
    0x080037d0   0x080037d0   0x00000002   Code   RO         3523    i.HAL_TIM_IC_CaptureCallback  stm32f4xx_hal_tim.o
    0x080037d2   0x080037d2   0x00000166   Code   RO         3537    i.HAL_TIM_IRQHandler  stm32f4xx_hal_tim.o
    0x08003938   0x08003938   0x00000002   Code   RO         3540    i.HAL_TIM_OC_DelayElapsedCallback  stm32f4xx_hal_tim.o
    0x0800393a   0x0800393a   0x00000002   Code   RO         3567    i.HAL_TIM_PWM_PulseFinishedCallback  stm32f4xx_hal_tim.o
    0x0800393c   0x0800393c   0x0000004c   Code   RO          571    i.HAL_TIM_PeriodElapsedCallback  logic.o
    0x08003988   0x08003988   0x00000002   Code   RO         3580    i.HAL_TIM_TriggerCallback  stm32f4xx_hal_tim.o
    0x0800398a   0x0800398a   0x00000058   Code   RO         4439    i.HAL_UART_DMAStop  stm32f4xx_hal_uart.o
    0x080039e2   0x080039e2   0x00000002   Code   RO         4441    i.HAL_UART_ErrorCallback  stm32f4xx_hal_uart.o
    0x080039e4   0x080039e4   0x00000114   Code   RO         4444    i.HAL_UART_IRQHandler  stm32f4xx_hal_uart.o
    0x08003af8   0x08003af8   0x00000062   Code   RO         4445    i.HAL_UART_Init     stm32f4xx_hal_uart.o
    0x08003b5a   0x08003b5a   0x00000002   PAD
    0x08003b5c   0x08003b5c   0x000002d8   Code   RO         1083    i.HAL_UART_MspInit  usart.o
    0x08003e34   0x08003e34   0x00000098   Code   RO         4449    i.HAL_UART_Receive_DMA  stm32f4xx_hal_uart.o
    0x08003ecc   0x08003ecc   0x00000002   Code   RO         4451    i.HAL_UART_RxCpltCallback  stm32f4xx_hal_uart.o
    0x08003ece   0x08003ece   0x00000002   Code   RO         4452    i.HAL_UART_RxHalfCpltCallback  stm32f4xx_hal_uart.o
    0x08003ed0   0x08003ed0   0x000000ba   Code   RO         4453    i.HAL_UART_Transmit  stm32f4xx_hal_uart.o
    0x08003f8a   0x08003f8a   0x00000002   Code   RO         4456    i.HAL_UART_TxCpltCallback  stm32f4xx_hal_uart.o
    0x08003f8c   0x08003f8c   0x00000002   Code   RO         1165    i.HardFault_Handler  stm32f4xx_it.o
    0x08003f8e   0x08003f8e   0x00000002   PAD
    0x08003f90   0x08003f90   0x00000064   Code   RO          365    i.HexToDec          sensor.o
    0x08003ff4   0x08003ff4   0x0000001c   Code   RO          662    i.I2C_EE_BufferRead  e2prom.o
    0x08004010   0x08004010   0x00000088   Code   RO          663    i.I2C_EE_BufferWrite  e2prom.o
    0x08004098   0x08004098   0x00000048   Code   RO          664    i.I2C_EE_ByteWrite  e2prom.o
    0x080040e0   0x080040e0   0x00000048   Code   RO          665    i.I2C_EE_PageWrite  e2prom.o
    0x08004128   0x08004128   0x0000002e   Code   RO         2599    i.I2C_IsAcknowledgeFailed  stm32f4xx_hal_i2c.o
    0x08004156   0x08004156   0x00000002   PAD
    0x08004158   0x08004158   0x000000fc   Code   RO         2609    i.I2C_RequestMemoryRead  stm32f4xx_hal_i2c.o
    0x08004254   0x08004254   0x000000a8   Code   RO         2610    i.I2C_RequestMemoryWrite  stm32f4xx_hal_i2c.o
    0x080042fc   0x080042fc   0x00000040   Code   RO           13    i.I2C_Start         oled.o
    0x0800433c   0x0800433c   0x00000030   Code   RO           14    i.I2C_Stop          oled.o
    0x0800436c   0x0800436c   0x00000038   Code   RO           15    i.I2C_WaitAck       oled.o
    0x080043a4   0x080043a4   0x0000004c   Code   RO         2613    i.I2C_WaitOnBTFFlagUntilTimeout  stm32f4xx_hal_i2c.o
    0x080043f0   0x080043f0   0x00000068   Code   RO         2614    i.I2C_WaitOnFlagUntilTimeout  stm32f4xx_hal_i2c.o
    0x08004458   0x08004458   0x00000096   Code   RO         2615    i.I2C_WaitOnMasterAddressFlagUntilTimeout  stm32f4xx_hal_i2c.o
    0x080044ee   0x080044ee   0x00000066   Code   RO         2616    i.I2C_WaitOnRXNEFlagUntilTimeout  stm32f4xx_hal_i2c.o
    0x08004554   0x08004554   0x0000004c   Code   RO         2617    i.I2C_WaitOnTXEFlagUntilTimeout  stm32f4xx_hal_i2c.o
    0x080045a0   0x080045a0   0x0000000a   Code   RO           16    i.IIC_delay         oled.o
    0x080045aa   0x080045aa   0x00000002   PAD
    0x080045ac   0x080045ac   0x0000005c   Code   RO          935    i.MX_DMA_Init       dma.o
    0x08004608   0x08004608   0x0000001c   Code   RO         4982    i.MX_FATFS_Init     fatfs.o
    0x08004624   0x08004624   0x00000190   Code   RO          911    i.MX_GPIO_Init      gpio.o
    0x080047b4   0x080047b4   0x0000005c   Code   RO          961    i.MX_I2C1_Init      i2c.o
    0x08004810   0x08004810   0x00000020   Code   RO         1000    i.MX_SDIO_SD_Init   sdio.o
    0x08004830   0x08004830   0x00000064   Code   RO         1042    i.MX_TIM2_Init      tim.o
    0x08004894   0x08004894   0x00000038   Code   RO         1084    i.MX_UART4_Init     usart.o
    0x080048cc   0x080048cc   0x00000038   Code   RO         1085    i.MX_UART7_Init     usart.o
    0x08004904   0x08004904   0x00000038   Code   RO         1086    i.MX_UART8_Init     usart.o
    0x0800493c   0x0800493c   0x00000038   Code   RO         1087    i.MX_USART1_UART_Init  usart.o
    0x08004974   0x08004974   0x00000038   Code   RO         1088    i.MX_USART2_UART_Init  usart.o
    0x080049ac   0x080049ac   0x00000038   Code   RO         1089    i.MX_USART3_UART_Init  usart.o
    0x080049e4   0x080049e4   0x00000038   Code   RO         1090    i.MX_USART6_UART_Init  usart.o
    0x08004a1c   0x08004a1c   0x00000002   Code   RO         1166    i.MemManage_Handler  stm32f4xx_it.o
    0x08004a1e   0x08004a1e   0x0000002a   Code   RO          721    i.NMEA_Comma_Pos    ec20.o
    0x08004a48   0x08004a48   0x00000260   Code   RO          722    i.NMEA_GPRMC_Analysis  ec20.o
    0x08004ca8   0x08004ca8   0x00000010   Code   RO          723    i.NMEA_Pow          ec20.o
    0x08004cb8   0x08004cb8   0x000000c0   Code   RO          724    i.NMEA_Str2num      ec20.o
    0x08004d78   0x08004d78   0x00000002   Code   RO         1167    i.NMI_Handler       stm32f4xx_it.o
    0x08004d7a   0x08004d7a   0x00000002   PAD
    0x08004d7c   0x08004d7c   0x0000002c   Code   RO           17    i.OLED_Clear        oled.o
    0x08004da8   0x08004da8   0x0000002c   Code   RO           18    i.OLED_ClearB       oled.o
    0x08004dd4   0x08004dd4   0x00000018   Code   RO           19    i.OLED_ColorTurn    oled.o
    0x08004dec   0x08004dec   0x0000002c   Code   RO           22    i.OLED_DisplayTurn  oled.o
    0x08004e18   0x08004e18   0x0000002c   Code   RO           25    i.OLED_DrawPoint    oled.o
    0x08004e44   0x08004e44   0x000000d2   Code   RO           27    i.OLED_Init         oled.o
    0x08004f16   0x08004f16   0x00000002   PAD
    0x08004f18   0x08004f18   0x00000068   Code   RO           29    i.OLED_Refresh      oled.o
    0x08004f80   0x08004f80   0x000000e4   Code   RO           31    i.OLED_ShowChar     oled.o
    0x08005064   0x08005064   0x000000ac   Code   RO           32    i.OLED_ShowChinese  oled.o
    0x08005110   0x08005110   0x000000a0   Code   RO           34    i.OLED_ShowPicture  oled.o
    0x080051b0   0x080051b0   0x00000040   Code   RO           35    i.OLED_ShowString   oled.o
    0x080051f0   0x080051f0   0x00000036   Code   RO           36    i.OLED_WR_Byte      oled.o
    0x08005226   0x08005226   0x00000002   Code   RO         1168    i.PendSV_Handler    stm32f4xx_it.o
    0x08005228   0x08005228   0x00000024   Code   RO         3003    i.SDIO_ConfigData   stm32f4xx_ll_sdmmc.o
    0x0800524c   0x0800524c   0x00000008   Code   RO         3007    i.SDIO_GetPowerState  stm32f4xx_ll_sdmmc.o
    0x08005254   0x08005254   0x00000006   Code   RO         3008    i.SDIO_GetResponse  stm32f4xx_ll_sdmmc.o
    0x0800525a   0x0800525a   0x00000002   PAD
    0x0800525c   0x0800525c   0x0000000c   Code   RO         1169    i.SDIO_IRQHandler   stm32f4xx_it.o
    0x08005268   0x08005268   0x00000024   Code   RO         3009    i.SDIO_Init         stm32f4xx_ll_sdmmc.o
    0x0800528c   0x0800528c   0x00000010   Code   RO         3011    i.SDIO_PowerState_ON  stm32f4xx_ll_sdmmc.o
    0x0800529c   0x0800529c   0x00000006   Code   RO         3012    i.SDIO_ReadFIFO     stm32f4xx_ll_sdmmc.o
    0x080052a2   0x080052a2   0x00000020   Code   RO         3013    i.SDIO_SendCommand  stm32f4xx_ll_sdmmc.o
    0x080052c2   0x080052c2   0x0000000a   Code   RO         3015    i.SDIO_WriteFIFO    stm32f4xx_ll_sdmmc.o
    0x080052cc   0x080052cc   0x00000032   Code   RO         3016    i.SDMMC_CmdAppCommand  stm32f4xx_ll_sdmmc.o
    0x080052fe   0x080052fe   0x00000002   PAD
    0x08005300   0x08005300   0x00000034   Code   RO         3017    i.SDMMC_CmdAppOperCommand  stm32f4xx_ll_sdmmc.o
    0x08005334   0x08005334   0x00000032   Code   RO         3018    i.SDMMC_CmdBlockLength  stm32f4xx_ll_sdmmc.o
    0x08005366   0x08005366   0x00000032   Code   RO         3019    i.SDMMC_CmdBusWidth  stm32f4xx_ll_sdmmc.o
    0x08005398   0x08005398   0x00000050   Code   RO         3023    i.SDMMC_CmdGoIdleState  stm32f4xx_ll_sdmmc.o
    0x080053e8   0x080053e8   0x00000074   Code   RO         3025    i.SDMMC_CmdOperCond  stm32f4xx_ll_sdmmc.o
    0x0800545c   0x0800545c   0x00000032   Code   RO         3026    i.SDMMC_CmdReadMultiBlock  stm32f4xx_ll_sdmmc.o
    0x0800548e   0x0800548e   0x00000032   Code   RO         3027    i.SDMMC_CmdReadSingleBlock  stm32f4xx_ll_sdmmc.o
    0x080054c0   0x080054c0   0x00000032   Code   RO         3030    i.SDMMC_CmdSelDesel  stm32f4xx_ll_sdmmc.o
    0x080054f2   0x080054f2   0x0000002c   Code   RO         3031    i.SDMMC_CmdSendCID  stm32f4xx_ll_sdmmc.o
    0x0800551e   0x0800551e   0x0000002c   Code   RO         3032    i.SDMMC_CmdSendCSD  stm32f4xx_ll_sdmmc.o
    0x0800554a   0x0800554a   0x00000030   Code   RO         3033    i.SDMMC_CmdSendSCR  stm32f4xx_ll_sdmmc.o
    0x0800557a   0x0800557a   0x00000032   Code   RO         3034    i.SDMMC_CmdSendStatus  stm32f4xx_ll_sdmmc.o
    0x080055ac   0x080055ac   0x00000030   Code   RO         3035    i.SDMMC_CmdSetRelAdd  stm32f4xx_ll_sdmmc.o
    0x080055dc   0x080055dc   0x00000034   Code   RO         3037    i.SDMMC_CmdStopTransfer  stm32f4xx_ll_sdmmc.o
    0x08005610   0x08005610   0x00000032   Code   RO         3039    i.SDMMC_CmdWriteMultiBlock  stm32f4xx_ll_sdmmc.o
    0x08005642   0x08005642   0x00000032   Code   RO         3040    i.SDMMC_CmdWriteSingleBlock  stm32f4xx_ll_sdmmc.o
    0x08005674   0x08005674   0x00000120   Code   RO         3041    i.SDMMC_GetCmdResp1  stm32f4xx_ll_sdmmc.o
    0x08005794   0x08005794   0x00000050   Code   RO         3042    i.SDMMC_GetCmdResp2  stm32f4xx_ll_sdmmc.o
    0x080057e4   0x080057e4   0x00000044   Code   RO         3043    i.SDMMC_GetCmdResp3  stm32f4xx_ll_sdmmc.o
    0x08005828   0x08005828   0x00000088   Code   RO         3044    i.SDMMC_GetCmdResp6  stm32f4xx_ll_sdmmc.o
    0x080058b0   0x080058b0   0x00000020   Code   RO         4907    i.SD_CheckStatus    sd_diskio.o
    0x080058d0   0x080058d0   0x0000002e   Code   RO         4908    i.SD_CheckStatusWithTimeout  sd_diskio.o
    0x080058fe   0x080058fe   0x00000002   PAD
    0x08005900   0x08005900   0x00000064   Code   RO         3294    i.SD_DMAError       stm32f4xx_hal_sd.o
    0x08005964   0x08005964   0x00000042   Code   RO         3295    i.SD_DMAReceiveCplt  stm32f4xx_hal_sd.o
    0x080059a6   0x080059a6   0x00000044   Code   RO         3296    i.SD_DMARxAbort     stm32f4xx_hal_sd.o
    0x080059ea   0x080059ea   0x0000000e   Code   RO         3297    i.SD_DMATransmitCplt  stm32f4xx_hal_sd.o
    0x080059f8   0x080059f8   0x00000044   Code   RO         3298    i.SD_DMATxAbort     stm32f4xx_hal_sd.o
    0x08005a3c   0x08005a3c   0x000000d4   Code   RO         3299    i.SD_FindSCR        stm32f4xx_hal_sd.o
    0x08005b10   0x08005b10   0x000000ee   Code   RO         3300    i.SD_InitCard       stm32f4xx_hal_sd.o
    0x08005bfe   0x08005bfe   0x00000002   PAD
    0x08005c00   0x08005c00   0x000000b4   Code   RO         3301    i.SD_PowerON        stm32f4xx_hal_sd.o
    0x08005cb4   0x08005cb4   0x0000001c   Code   RO         4909    i.SD_initialize     sd_diskio.o
    0x08005cd0   0x08005cd0   0x00000068   Code   RO         4910    i.SD_ioctl          sd_diskio.o
    0x08005d38   0x08005d38   0x00000088   Code   RO         4911    i.SD_read           sd_diskio.o
    0x08005dc0   0x08005dc0   0x00000004   Code   RO         4912    i.SD_status         sd_diskio.o
    0x08005dc4   0x08005dc4   0x00000088   Code   RO         4913    i.SD_write          sd_diskio.o
    0x08005e4c   0x08005e4c   0x00000002   Code   RO         1170    i.SVC_Handler       stm32f4xx_it.o
    0x08005e4e   0x08005e4e   0x00000002   PAD
    0x08005e50   0x08005e50   0x00000048   Code   RO           37    i.Send_Byte         oled.o
    0x08005e98   0x08005e98   0x00000004   Code   RO         1171    i.SysTick_Handler   stm32f4xx_it.o
    0x08005e9c   0x08005e9c   0x0000009c   Code   RO          857    i.SystemClock_Config  main.o
    0x08005f38   0x08005f38   0x00000010   Code   RO         4747    i.SystemInit        system_stm32f4xx.o
    0x08005f48   0x08005f48   0x0000000c   Code   RO         1172    i.TIM2_IRQHandler   stm32f4xx_it.o
    0x08005f54   0x08005f54   0x000000c8   Code   RO         3582    i.TIM_Base_SetConfig  stm32f4xx_hal_tim.o
    0x0800601c   0x0800601c   0x00000014   Code   RO         3593    i.TIM_ETR_SetConfig  stm32f4xx_hal_tim.o
    0x08006030   0x08006030   0x00000010   Code   RO         3594    i.TIM_ITRx_SetConfig  stm32f4xx_hal_tim.o
    0x08006040   0x08006040   0x00000022   Code   RO         3600    i.TIM_TI1_ConfigInputStage  stm32f4xx_hal_tim.o
    0x08006062   0x08006062   0x00000024   Code   RO         3602    i.TIM_TI2_ConfigInputStage  stm32f4xx_hal_tim.o
    0x08006086   0x08006086   0x00000002   PAD
    0x08006088   0x08006088   0x00000014   Code   RO         1173    i.UART4_IRQHandler  stm32f4xx_it.o
    0x0800609c   0x0800609c   0x00000014   Code   RO         1174    i.UART7_IRQHandler  stm32f4xx_it.o
    0x080060b0   0x080060b0   0x00000014   Code   RO         1175    i.UART8_IRQHandler  stm32f4xx_it.o
    0x080060c4   0x080060c4   0x00000010   Code   RO         4458    i.UART_DMAAbortOnError  stm32f4xx_hal_uart.o
    0x080060d4   0x080060d4   0x0000004a   Code   RO         4459    i.UART_DMAError     stm32f4xx_hal_uart.o
    0x0800611e   0x0800611e   0x0000003c   Code   RO         4460    i.UART_DMAReceiveCplt  stm32f4xx_hal_uart.o
    0x0800615a   0x0800615a   0x0000000a   Code   RO         4462    i.UART_DMARxHalfCplt  stm32f4xx_hal_uart.o
    0x08006164   0x08006164   0x0000001c   Code   RO         4468    i.UART_EndRxTransfer  stm32f4xx_hal_uart.o
    0x08006180   0x08006180   0x00000012   Code   RO         4469    i.UART_EndTxTransfer  stm32f4xx_hal_uart.o
    0x08006192   0x08006192   0x00000096   Code   RO         4470    i.UART_Receive_IT   stm32f4xx_hal_uart.o
    0x08006228   0x08006228   0x00000128   Code   RO         4471    i.UART_SetConfig    stm32f4xx_hal_uart.o
    0x08006350   0x08006350   0x00000062   Code   RO         4472    i.UART_Transmit_IT  stm32f4xx_hal_uart.o
    0x080063b2   0x080063b2   0x00000064   Code   RO         4473    i.UART_WaitOnFlagUntilTimeout  stm32f4xx_hal_uart.o
    0x08006416   0x08006416   0x00000002   PAD
    0x08006418   0x08006418   0x0000000c   Code   RO         1176    i.USART1_IRQHandler  stm32f4xx_it.o
    0x08006424   0x08006424   0x00000014   Code   RO         1177    i.USART2_IRQHandler  stm32f4xx_it.o
    0x08006438   0x08006438   0x00000014   Code   RO         1178    i.USART3_IRQHandler  stm32f4xx_it.o
    0x0800644c   0x0800644c   0x00000014   Code   RO         1179    i.USART6_IRQHandler  stm32f4xx_it.o
    0x08006460   0x08006460   0x00000002   Code   RO         1180    i.UsageFault_Handler  stm32f4xx_it.o
    0x08006462   0x08006462   0x00000002   PAD
    0x08006464   0x08006464   0x00000078   Code   RO          366    i.Voice_IRQHandler  sensor.o
    0x080064dc   0x080064dc   0x00000020   Code   RO         5897    i.__0printf         mc_w.l(printfa.o)
    0x080064fc   0x080064fc   0x00000028   Code   RO         5899    i.__0sprintf        mc_w.l(printfa.o)
    0x08006524   0x08006524   0x00000030   Code   RO         5998    i.__ARM_fpclassify  m_wm.l(fpclassify.o)
    0x08006554   0x08006554   0x00000020   Code   RO         2159    i.__NVIC_SetPriority  stm32f4xx_hal_cortex.o
    0x08006574   0x08006574   0x00000008   Code   RO         6039    i.__aeabi_errno_addr  mc_w.l(errno.o)
    0x0800657c   0x0800657c   0x00000004   PAD
    0x08006580   0x08006580   0x00000360   Code   RO         5577    i.__hardfp_asin     m_wm.l(asin.o)
    0x080068e0   0x080068e0   0x000000c8   Code   RO         5591    i.__hardfp_cos      m_wm.l(cos.o)
    0x080069a8   0x080069a8   0x00000c50   Code   RO         5603    i.__hardfp_pow      m_wm.l(pow.o)
    0x080075f8   0x080075f8   0x000000e0   Code   RO         5617    i.__hardfp_round    m_wm.l(round.o)
    0x080076d8   0x080076d8   0x000000c8   Code   RO         5621    i.__hardfp_sin      m_wm.l(sin.o)
    0x080077a0   0x080077a0   0x0000007a   Code   RO         5633    i.__hardfp_sqrt     m_wm.l(sqrt.o)
    0x0800781a   0x0800781a   0x00000006   PAD
    0x08007820   0x08007820   0x00000438   Code   RO         6003    i.__ieee754_rem_pio2  m_wm.l(rred.o)
    0x08007c58   0x08007c58   0x00000170   Code   RO         5975    i.__kernel_cos      m_wm.l(cos_i.o)
    0x08007dc8   0x08007dc8   0x000000f8   Code   RO         6000    i.__kernel_poly     m_wm.l(poly.o)
    0x08007ec0   0x08007ec0   0x00000130   Code   RO         6008    i.__kernel_sin      m_wm.l(sin_i.o)
    0x08007ff0   0x08007ff0   0x00000030   Code   RO         5978    i.__mathlib_dbl_divzero  m_wm.l(dunder.o)
    0x08008020   0x08008020   0x00000014   Code   RO         5979    i.__mathlib_dbl_infnan  m_wm.l(dunder.o)
    0x08008034   0x08008034   0x00000014   Code   RO         5980    i.__mathlib_dbl_infnan2  m_wm.l(dunder.o)
    0x08008048   0x08008048   0x00000020   Code   RO         5981    i.__mathlib_dbl_invalid  m_wm.l(dunder.o)
    0x08008068   0x08008068   0x00000020   Code   RO         5982    i.__mathlib_dbl_overflow  m_wm.l(dunder.o)
    0x08008088   0x08008088   0x00000020   Code   RO         5984    i.__mathlib_dbl_underflow  m_wm.l(dunder.o)
    0x080080a8   0x080080a8   0x0000000e   Code   RO         6101    i.__scatterload_copy  mc_w.l(handlers.o)
    0x080080b6   0x080080b6   0x00000002   Code   RO         6102    i.__scatterload_null  mc_w.l(handlers.o)
    0x080080b8   0x080080b8   0x0000000e   Code   RO         6103    i.__scatterload_zeroinit  mc_w.l(handlers.o)
    0x080080c6   0x080080c6   0x00000002   PAD
    0x080080c8   0x080080c8   0x0000000c   Code   RO         6041    i.__set_errno       mc_w.l(errno.o)
    0x080080d4   0x080080d4   0x00000184   Code   RO         5904    i._fp_digits        mc_w.l(printfa.o)
    0x08008258   0x08008258   0x000006dc   Code   RO         5905    i._printf_core      mc_w.l(printfa.o)
    0x08008934   0x08008934   0x00000024   Code   RO         5906    i._printf_post_padding  mc_w.l(printfa.o)
    0x08008958   0x08008958   0x0000002e   Code   RO         5907    i._printf_pre_padding  mc_w.l(printfa.o)
    0x08008986   0x08008986   0x0000000a   Code   RO         5909    i._sputc            mc_w.l(printfa.o)
    0x08008990   0x08008990   0x00000264   Code   RO          572    i.bar_refresh       logic.o
    0x08008bf4   0x08008bf4   0x000002cc   Code   RO          367    i.ble_receive       sensor.o
    0x08008ec0   0x08008ec0   0x0000003c   Code   RO          368    i.ble_rxdma_handle  sensor.o
    0x08008efc   0x08008efc   0x00000040   Code   RO          370    i.ble_start_init    sensor.o
    0x08008f3c   0x08008f3c   0x00000074   Code   RO         5080    i.check_fs          ff.o
    0x08008fb0   0x08008fb0   0x00000010   Code   RO         5081    i.chk_chr           ff.o
    0x08008fc0   0x08008fc0   0x00000070   Code   RO         5082    i.chk_lock          ff.o
    0x08009030   0x08009030   0x00000024   Code   RO         5083    i.clear_lock        ff.o
    0x08009054   0x08009054   0x00000028   Code   RO         5084    i.clmt_clust        ff.o
    0x0800907c   0x0800907c   0x00000018   Code   RO         5085    i.clust2sect        ff.o
    0x08009094   0x08009094   0x00000098   Code   RO         5086    i.cmp_lfn           ff.o
    0x0800912c   0x0800912c   0x000000ba   Code   RO         5087    i.create_chain      ff.o
    0x080091e6   0x080091e6   0x00000002   PAD
    0x080091e8   0x080091e8   0x00000258   Code   RO         5088    i.create_name       ff.o
    0x08009440   0x08009440   0x00000030   Code   RO         5089    i.dec_lock          ff.o
    0x08009470   0x08009470   0x00000004   Code   RO           38    i.delay_ms          oled.o
    0x08009474   0x08009474   0x0000004a   Code   RO         5090    i.dir_alloc         ff.o
    0x080094be   0x080094be   0x000000de   Code   RO         5091    i.dir_find          ff.o
    0x0800959c   0x0800959c   0x00000126   Code   RO         5092    i.dir_next          ff.o
    0x080096c2   0x080096c2   0x00000002   PAD
    0x080096c4   0x080096c4   0x0000013c   Code   RO         5094    i.dir_register      ff.o
    0x08009800   0x08009800   0x000000a4   Code   RO         5096    i.dir_sdi           ff.o
    0x080098a4   0x080098a4   0x0000002c   Code   RO         5025    i.disk_initialize   diskio.o
    0x080098d0   0x080098d0   0x0000001c   Code   RO         5026    i.disk_ioctl        diskio.o
    0x080098ec   0x080098ec   0x00000020   Code   RO         5027    i.disk_read         diskio.o
    0x0800990c   0x0800990c   0x00000018   Code   RO         5028    i.disk_status       diskio.o
    0x08009924   0x08009924   0x00000020   Code   RO         5029    i.disk_write        diskio.o
    0x08009944   0x08009944   0x00000028   Code   RO         5097    i.enq_lock          ff.o
    0x0800996c   0x0800996c   0x0000002a   Code   RO         5098    i.f_close           ff.o
    0x08009996   0x08009996   0x00000286   Code   RO         5102    i.f_lseek           ff.o
    0x08009c1c   0x08009c1c   0x0000017c   Code   RO         5103    i.f_mkdir           ff.o
    0x08009d98   0x08009d98   0x00000068   Code   RO         5105    i.f_mount           ff.o
    0x08009e00   0x08009e00   0x00000236   Code   RO         5106    i.f_open            ff.o
    0x0800a036   0x0800a036   0x00000188   Code   RO         5111    i.f_read            ff.o
    0x0800a1be   0x0800a1be   0x0000009a   Code   RO         5115    i.f_sync            ff.o
    0x0800a258   0x0800a258   0x000001c4   Code   RO         5118    i.f_write           ff.o
    0x0800a41c   0x0800a41c   0x00000018   Code   RO         5994    i.fabs              m_wm.l(fabs.o)
    0x0800a434   0x0800a434   0x00000060   Code   RO         5548    i.ff_convert        cc936.o
    0x0800a494   0x0800a494   0x00000004   Code   RO         5512    i.ff_memalloc       syscall.o
    0x0800a498   0x0800a498   0x00000004   Code   RO         5513    i.ff_memfree        syscall.o
    0x0800a49c   0x0800a49c   0x000000a4   Code   RO         5549    i.ff_wtoupper       cc936.o
    0x0800a540   0x0800a540   0x000002dc   Code   RO         5119    i.find_volume       ff.o
    0x0800a81c   0x0800a81c   0x00000086   Code   RO         5120    i.follow_path       ff.o
    0x0800a8a2   0x0800a8a2   0x00000002   PAD
    0x0800a8a4   0x0800a8a4   0x00000014   Code   RO          371    i.fputc             sensor.o
    0x0800a8b8   0x0800a8b8   0x00000050   Code   RO         5925    i.free              mc_w.l(malloc.o)
    0x0800a908   0x0800a908   0x000000a6   Code   RO         5121    i.gen_numname       ff.o
    0x0800a9ae   0x0800a9ae   0x00000002   PAD
    0x0800a9b0   0x0800a9b0   0x00000188   Code   RO          372    i.get_distance      sensor.o
    0x0800ab38   0x0800ab38   0x000000c4   Code   RO         5122    i.get_fat           ff.o
    0x0800abfc   0x0800abfc   0x00000004   Code   RO         4983    i.get_fattime       fatfs.o
    0x0800ac00   0x0800ac00   0x0000004e   Code   RO         5124    i.get_ldnumber      ff.o
    0x0800ac4e   0x0800ac4e   0x00000002   PAD
    0x0800ac50   0x0800ac50   0x00000028   Code   RO          725    i.gggg_IRQHandler   ec20.o
    0x0800ac78   0x0800ac78   0x00000020   Code   RO          726    i.gggg_SendStr      ec20.o
    0x0800ac98   0x0800ac98   0x00000094   Code   RO         5125    i.inc_lock          ff.o
    0x0800ad2c   0x0800ad2c   0x00000026   Code   RO         5126    i.ld_clust          ff.o
    0x0800ad52   0x0800ad52   0x00000016   Code   RO         5127    i.ld_dword          ff.o
    0x0800ad68   0x0800ad68   0x0000000a   Code   RO         5128    i.ld_word           ff.o
    0x0800ad72   0x0800ad72   0x00000002   PAD
    0x0800ad74   0x0800ad74   0x0000091c   Code   RO          858    i.main              main.o
    0x0800b690   0x0800b690   0x0000006c   Code   RO         5926    i.malloc            mc_w.l(malloc.o)
    0x0800b6fc   0x0800b6fc   0x00000018   Code   RO         5129    i.mem_cmp           ff.o
    0x0800b714   0x0800b714   0x00000012   Code   RO         5130    i.mem_cpy           ff.o
    0x0800b726   0x0800b726   0x0000000c   Code   RO         5131    i.mem_set           ff.o
    0x0800b732   0x0800b732   0x00000002   PAD
    0x0800b734   0x0800b734   0x00000050   Code   RO          573    i.module_check      logic.o
    0x0800b784   0x0800b784   0x00000164   Code   RO          574    i.module_init       logic.o
    0x0800b8e8   0x0800b8e8   0x00000034   Code   RO         5132    i.move_window       ff.o
    0x0800b91c   0x0800b91c   0x000000c6   Code   RO          575    i.oled_main_show    logic.o
    0x0800b9e2   0x0800b9e2   0x00000102   Code   RO         5134    i.put_fat           ff.o
    0x0800bae4   0x0800bae4   0x00000074   Code   RO         5135    i.put_lfn           ff.o
    0x0800bb58   0x0800bb58   0x00000034   Code   RO          373    i.radian            sensor.o
    0x0800bb8c   0x0800bb8c   0x0000007e   Code   RO         5139    i.remove_chain      ff.o
    0x0800bc0a   0x0800bc0a   0x00000002   PAD
    0x0800bc0c   0x0800bc0c   0x00000030   Code   RO          727    i.reset_4g          ec20.o
    0x0800bc3c   0x0800bc3c   0x0000003c   Code   RO          374    i.sd_savep          sensor.o
    0x0800bc78   0x0800bc78   0x00000054   Code   RO          375    i.sd_savepq         sensor.o
    0x0800bccc   0x0800bccc   0x00000064   Code   RO          376    i.sd_saveq          sensor.o
    0x0800bd30   0x0800bd30   0x00000294   Code   RO          312    i.smg_onx           led.o
    0x0800bfc4   0x0800bfc4   0x0000006e   Code   RO         5635    i.sqrt              m_wm.l(sqrt.o)
    0x0800c032   0x0800c032   0x00000028   Code   RO         5140    i.st_clust          ff.o
    0x0800c05a   0x0800c05a   0x00000014   Code   RO         5141    i.st_dword          ff.o
    0x0800c06e   0x0800c06e   0x0000000a   Code   RO         5142    i.st_word           ff.o
    0x0800c078   0x0800c078   0x0000001a   Code   RO         5143    i.sum_sfn           ff.o
    0x0800c092   0x0800c092   0x00000002   PAD
    0x0800c094   0x0800c094   0x0000008c   Code   RO         5144    i.sync_fs           ff.o
    0x0800c120   0x0800c120   0x00000056   Code   RO         5145    i.sync_window       ff.o
    0x0800c176   0x0800c176   0x00000002   PAD
    0x0800c178   0x0800c178   0x00000070   Code   RO          377    i.take_photo        sensor.o
    0x0800c1e8   0x0800c1e8   0x00000074   Code   RO          576    i.tool_check        logic.o
    0x0800c25c   0x0800c25c   0x00000198   Code   RO          577    i.tool_selected     logic.o
    0x0800c3f4   0x0800c3f4   0x00000038   Code   RO         5146    i.validate          ff.o
    0x0800c42c   0x0800c42c   0x00001f28   Data   RO           40    .constdata          oled.o
    0x0800e354   0x0800e354   0x00000061   Data   RO          582    .constdata          logic.o
    0x0800e3b5   0x0800e3b5   0x00000003   PAD
    0x0800e3b8   0x0800e3b8   0x00000014   Data   RO          859    .constdata          main.o
    0x0800e3cc   0x0800e3cc   0x00000008   Data   RO         1858    .constdata          stm32f4xx_hal_dma.o
    0x0800e3d4   0x0800e3d4   0x00000010   Data   RO         4748    .constdata          system_stm32f4xx.o
    0x0800e3e4   0x0800e3e4   0x00000008   Data   RO         4749    .constdata          system_stm32f4xx.o
    0x0800e3ec   0x0800e3ec   0x00000014   Data   RO         4914    .constdata          sd_diskio.o
    0x0800e400   0x0800e400   0x0000002a   Data   RO         5148    .constdata          ff.o
    0x0800e42a   0x0800e42a   0x0002abb6   Data   RO         5550    .constdata          cc936.o
    0x08038fe0   0x08038fe0   0x00000050   Data   RO         5580    .constdata          m_wm.l(asin.o)
    0x08039030   0x08039030   0x00000088   Data   RO         5606    .constdata          m_wm.l(pow.o)
    0x080390b8   0x080390b8   0x00000030   Data   RO         5976    .constdata          m_wm.l(cos_i.o)
    0x080390e8   0x080390e8   0x00000008   Data   RO         6002    .constdata          m_wm.l(qnan.o)
    0x080390f0   0x080390f0   0x000000c8   Data   RO         6005    .constdata          m_wm.l(rred.o)
    0x080391b8   0x080391b8   0x00000028   Data   RO         6009    .constdata          m_wm.l(sin_i.o)
    0x080391e0   0x080391e0   0x00000081   Data   RO         6068    .constdata          mc_w.l(ctype_o.o)
    0x08039261   0x08039261   0x00000003   PAD
    0x08039264   0x08039264   0x00000004   Data   RO         6069    .constdata          mc_w.l(ctype_o.o)
    0x08039268   0x08039268   0x000000a4   Data   RO          860    .conststring        main.o
    0x0803930c   0x0803930c   0x00000020   Data   RO         6099    Region$$Table       anon$$obj.o


    Execution Region RW_IRAM2 (Exec base: 0x10000000, Load base: 0x08039444, Size: 0x00000000, Max: 0x00010000, ABSOLUTE)

    **** No section assigned to this execution region ****


    Execution Region RW_IRAM1 (Exec base: 0x20000000, Load base: 0x0803932c, Size: 0x00005910, Max: 0x00030000, ABSOLUTE)

    Exec Addr    Load Addr    Size         Type   Attr      Idx    E Section Name        Object

    0x20000000   0x0803932c   0x00000086   Data   RW          381    .data               sensor.o
    0x20000086   0x080393b2   0x00000002   PAD
    0x20000088   0x080393b4   0x00000008   Data   RW          383    .data               sensor.o
    0x20000090   0x080393bc   0x00000008   Data   RW          384    .data               sensor.o
    0x20000098   0x080393c4   0x00000016   Data   RW          592    .data               logic.o
    0x200000ae   0x080393da   0x00000002   PAD
    0x200000b0   0x080393dc   0x0000001c   Data   RW          731    .data               ec20.o
    0x200000cc   0x080393f8   0x00000004   Data   RW          861    .data               main.o
    0x200000d0   0x080393fc   0x0000000c   Data   RW         2305    .data               stm32f4xx_hal.o
    0x200000dc   0x08039408   0x00000004   Data   RW         4750    .data               system_stm32f4xx.o
    0x200000e0   0x0803940c   0x0000000c   Data   RW         4915    .data               sd_diskio.o
    0x200000ec   0x08039418   0x00000005   Data   RW         4988    .data               fatfs.o
    0x200000f1   0x0803941d   0x00000003   PAD
    0x200000f4   0x08039420   0x00000004   Data   RW         4989    .data               fatfs.o
    0x200000f8   0x08039424   0x00000004   Data   RW         4990    .data               fatfs.o
    0x200000fc   0x08039428   0x00000004   Data   RW         4991    .data               fatfs.o
    0x20000100   0x0803942c   0x00000008   Data   RW         5149    .data               ff.o
    0x20000108   0x08039434   0x00000004   Data   RW         6028    .data               mc_w.l(stdout.o)
    0x2000010c   0x08039438   0x00000004   Data   RW         6037    .data               mc_w.l(mvars.o)
    0x20000110   0x0803943c   0x00000004   Data   RW         6038    .data               mc_w.l(mvars.o)
    0x20000114   0x08039440   0x00000004   Data   RW         6042    .data               mc_w.l(errno.o)
    0x20000118        -       0x00000480   Zero   RW           39    .bss                oled.o
    0x20000598   0x08039444   0x00000008   PAD
    0x200005a0        -       0x00003a28   Zero   RW          378    .bss                sensor.o
    0x20003fc8        -       0x00000046   Zero   RW          578    .bss                logic.o
    0x2000400e        -       0x00000258   Zero   RW          729    .bss                ec20.o
    0x20004266        -       0x00000022   Zero   RW          730    .bss                ec20.o
    0x20004288        -       0x00000054   Zero   RW          962    .bss                i2c.o
    0x200042dc        -       0x00000144   Zero   RW         1001    .bss                sdio.o
    0x20004420        -       0x00000040   Zero   RW         1043    .bss                tim.o
    0x20004460        -       0x00000220   Zero   RW         1091    .bss                usart.o
    0x20004680        -       0x00000234   Zero   RW         4984    .bss                fatfs.o
    0x200048b4        -       0x00000230   Zero   RW         4985    .bss                fatfs.o
    0x20004ae4        -       0x00000020   Zero   RW         5147    .bss                ff.o
    0x20004b04        -       0x0000000c   Zero   RW         5466    .bss                ff_gen_drv.o
    0x20004b10        -       0x00000800   Zero   RW            2    HEAP                startup_stm32f429xx.o
    0x20005310        -       0x00000600   Zero   RW            1    STACK               startup_stm32f429xx.o


==============================================================================

Image component sizes


      Code (inc. data)   RO Data    RW Data    ZI Data      Debug   Object Name

       180         22          0          0          0       5978   bsp_driver_sd.o
       260         26     175030          0          0       2907   cc936.o
       160         26          0          0          0       3589   diskio.o
        92          4          0          0          0        798   dma.o
       308         14          0          0          0       3211   e2prom.o
      2530        568          0         28        634      10696   ec20.o
        32         12          0         17       1124       1627   fatfs.o
      7684         98         42          8         32      52526   ff.o
        74          4          0          0         12       1599   ff_gen_drv.o
       400         26          0          0          0       1159   gpio.o
       196         26          0          0         84       1637   i2c.o
       660         24          0          0          0       1046   led.o
      1846        254         97         22         70       7104   logic.o
      2492        418        184          4          0       6817   main.o
      1446         60       7976          0       1152     791615   oled.o
       510         36         20         12          0       6765   sd_diskio.o
       344         34          0          0        324       1807   sdio.o
      3092        434          0        150      14888      18839   sensor.o
        36          8        428          0       3584        820   startup_stm32f429xx.o
       180         28          0         12          0       9441   stm32f4xx_hal.o
       198         14          0          0          0      33855   stm32f4xx_hal_cortex.o
      1084         16          8          0          0       7785   stm32f4xx_hal_dma.o
       478         54          0          0          0       2364   stm32f4xx_hal_gpio.o
      2544         62          0          0          0      14713   stm32f4xx_hal_i2c.o
       128          0          0          0          0       1811   stm32f4xx_hal_i2c_ex.o
        52          4          0          0          0        838   stm32f4xx_hal_msp.o
       112         14          0          0          0       1256   stm32f4xx_hal_pwr_ex.o
      1332         76          0          0          0       5132   stm32f4xx_hal_rcc.o
      2950         70          0          0          0      16287   stm32f4xx_hal_sd.o
       974         44          0          0          0       9797   stm32f4xx_hal_tim.o
       148         28          0          0          0       2393   stm32f4xx_hal_tim_ex.o
      1658         30          0          0          0      13783   stm32f4xx_hal_uart.o
       212         60          0          0          0       9773   stm32f4xx_it.o
      1656         46          0          0          0      22567   stm32f4xx_ll_sdmmc.o
         8          0          0          0          0       1623   syscall.o
        16          4         24          4          0       1079   system_stm32f4xx.o
       156         10          0          0         64       1638   tim.o
      1120        122          0          0        544       5812   usart.o

    ----------------------------------------------------------------------
     37422       2776     183844        264      22520    1082487   Object Totals
         0          0         32          0          0          0   (incl. Generated)
        74          0          3          7          8          0   (incl. Padding)

    ----------------------------------------------------------------------

      Code (inc. data)   RO Data    RW Data    ZI Data      Debug   Library Member Name

       864         94         80          0          0        280   asin.o
       200         20          0          0          0        164   cos.o
       368         46         48          0          0        200   cos_i.o
       184         44          0          0          0        744   dunder.o
        24          0          0          0          0        124   fabs.o
        48          0          0          0          0        124   fpclassify.o
       248          0          0          0          0        152   poly.o
      3152        296        136          0          0        352   pow.o
         0          0          8          0          0          0   qnan.o
       224         30          0          0          0        172   round.o
      1080        142        200          0          0        188   rred.o
       200         20          0          0          0        164   sin.o
       304         24         40          0          0        208   sin_i.o
       232          0          0          0          0        296   sqrt.o
       144          0          0          0          0         88   __strtoll.o
        28          0          0          0          0         68   _chval.o
       194          0          0          0          0         96   _strtoull.o
        26          0          0          0          0         80   atoll.o
         8          4        133          0          0         68   ctype_o.o
         0          0          0          0          0          0   entry.o
         0          0          0          0          0          0   entry10a.o
         0          0          0          0          0          0   entry11a.o
         8          4          0          0          0          0   entry2.o
         4          0          0          0          0          0   entry5.o
         0          0          0          0          0          0   entry7b.o
         0          0          0          0          0          0   entry8b.o
         8          4          0          0          0          0   entry9a.o
        20         10          0          4          0        136   errno.o
        30          0          0          0          0          0   handlers.o
        36          8          0          0          0         68   init.o
         0          0          0          0          0          0   iusefp.o
        30          0          0          0          0         68   llshl.o
        36          0          0          0          0         68   llsshr.o
        32          0          0          0          0         68   llushr.o
       188         20          0          0          0        160   malloc.o
        64          0          0          0          0         76   memmovea.o
        36          0          0          0          0        108   memseta.o
         0          0          0          8          0          0   mvars.o
      2308         96          0          0          0        604   printfa.o
         0          0          0          4          0          0   stdout.o
        14          0          0          0          0         68   strlen.o
        36          0          0          0          0         80   strstr.o
        44          0          0          0          0         80   uidiv.o
        98          0          0          0          0         92   uldiv.o
        48          0          0          0          0         68   cdcmple.o
        48          0          0          0          0         68   cdrcmple.o
        56          0          0          0          0         88   d2f.o
       334          0          0          0          0        148   dadd.o
       222          0          0          0          0        100   ddiv.o
       186          0          0          0          0        176   depilogue.o
        62          0          0          0          0         80   dfixi.o
        50          0          0          0          0         76   dfixui.o
        48          0          0          0          0         68   dfixul.o
        34          0          0          0          0         76   dflti.o
        26          0          0          0          0         76   dfltui.o
       228          0          0          0          0         96   dmul.o
       136          4          0          0          0         92   drnd.o
        46          0          0          0          0         80   dscalb.o
       162          0          0          0          0        100   dsqrt.o
        38          0          0          0          0         68   f2d.o
       110          0          0          0          0        168   fepilogue.o

    ----------------------------------------------------------------------
     12370        870        648         16          0       6872   Library Totals
        16          4          3          0          0          0   (incl. Padding)

    ----------------------------------------------------------------------

      Code (inc. data)   RO Data    RW Data    ZI Data      Debug   Library Name

      7128        716        512          0          0       3168   m_wm.l
      3392        146        133         16          0       2076   mc_w.l
      1834          4          0          0          0       1628   mf_w.l

    ----------------------------------------------------------------------
     12370        870        648         16          0       6872   Library Totals

    ----------------------------------------------------------------------

==============================================================================


      Code (inc. data)   RO Data    RW Data    ZI Data      Debug   

     49792       3646     184492        280      22520    1055835   Grand Totals
     49792       3646     184492        280      22520    1055835   ELF Image Totals
     49792       3646     184492        280          0          0   ROM Totals

==============================================================================

    Total RO  Size (Code + RO Data)               234284 ( 228.79kB)
    Total RW  Size (RW Data + ZI Data)             22800 (  22.27kB)
    Total ROM Size (Code + RO Data + RW Data)     234564 ( 229.07kB)

==============================================================================

